mem[ 0 ] 0x0081000F
mem[ 1 ] 0x00820010
mem[ 2 ] 0x00000003
mem[ 3 ] 0x00840011
mem[ 4 ] 0x00850012
mem[ 5 ] 0x01250008
mem[ 6 ] 0x00520006
mem[ 7 ] 0x00640007
mem[ 8 ] 0x00770006
mem[ 9 ] 0x01300001
mem[ 10 ] 0x000B0003
mem[ 11 ] 0x00090001
mem[ 12 ] 0x00240004
mem[ 13 ] 0x0100FFF7
mem[ 14 ] 0x01800000
mem[ 15 ] 0x0000183B
mem[ 16 ] 0x00000595
mem[ 17 ] 0x00000001
mem[ 18 ] 0x00008000

@@@
state:
	pc 0
	memory:
		mem[ 0 ] 0x0081000F
		mem[ 1 ] 0x00820010
		mem[ 2 ] 0x00000003
		mem[ 3 ] 0x00840011
		mem[ 4 ] 0x00850012
		mem[ 5 ] 0x01250008
		mem[ 6 ] 0x00520006
		mem[ 7 ] 0x00640007
		mem[ 8 ] 0x00770006
		mem[ 9 ] 0x01300001
		mem[ 10 ] 0x000B0003
		mem[ 11 ] 0x00090001
		mem[ 12 ] 0x00240004
		mem[ 13 ] 0x0100FFF7
		mem[ 14 ] 0x01800000
		mem[ 15 ] 0x0000183B
		mem[ 16 ] 0x00000595
		mem[ 17 ] 0x00000001
		mem[ 18 ] 0x00008000
	registers:
		reg[ 0 ] 0
		reg[ 1 ] 0
		reg[ 2 ] 0
		reg[ 3 ] 0
		reg[ 4 ] 0
		reg[ 5 ] 0
		reg[ 6 ] 0
		reg[ 7 ] 0
end state

@@@
state:
	pc 1
	memory:
		mem[ 0 ] 0x0081000F
		mem[ 1 ] 0x00820010
		mem[ 2 ] 0x00000003
		mem[ 3 ] 0x00840011
		mem[ 4 ] 0x00850012
		mem[ 5 ] 0x01250008
		mem[ 6 ] 0x00520006
		mem[ 7 ] 0x00640007
		mem[ 8 ] 0x00770006
		mem[ 9 ] 0x01300001
		mem[ 10 ] 0x000B0003
		mem[ 11 ] 0x00090001
		mem[ 12 ] 0x00240004
		mem[ 13 ] 0x0100FFF7
		mem[ 14 ] 0x01800000
		mem[ 15 ] 0x0000183B
		mem[ 16 ] 0x00000595
		mem[ 17 ] 0x00000001
		mem[ 18 ] 0x00008000
	registers:
		reg[ 0 ] 0
		reg[ 1 ] 6203
		reg[ 2 ] 0
		reg[ 3 ] 0
		reg[ 4 ] 0
		reg[ 5 ] 0
		reg[ 6 ] 0
		reg[ 7 ] 0
end state

@@@
state:
	pc 2
	memory:
		mem[ 0 ] 0x0081000F
		mem[ 1 ] 0x00820010
		mem[ 2 ] 0x00000003
		mem[ 3 ] 0x00840011
		mem[ 4 ] 0x00850012
		mem[ 5 ] 0x01250008
		mem[ 6 ] 0x00520006
		mem[ 7 ] 0x00640007
		mem[ 8 ] 0x00770006
		mem[ 9 ] 0x01300001
		mem[ 10 ] 0x000B0003
		mem[ 11 ] 0x00090001
		mem[ 12 ] 0x00240004
		mem[ 13 ] 0x0100FFF7
		mem[ 14 ] 0x01800000
		mem[ 15 ] 0x0000183B
		mem[ 16 ] 0x00000595
		mem[ 17 ] 0x00000001
		mem[ 18 ] 0x00008000
	registers:
		reg[ 0 ] 0
		reg[ 1 ] 6203
		reg[ 2 ] 1429
		reg[ 3 ] 0
		reg[ 4 ] 0
		reg[ 5 ] 0
		reg[ 6 ] 0
		reg[ 7 ] 0
end state

@@@
state:
	pc 3
	memory:
		mem[ 0 ] 0x0081000F
		mem[ 1 ] 0x00820010
		mem[ 2 ] 0x00000003
		mem[ 3 ] 0x00840011
		mem[ 4 ] 0x00850012
		mem[ 5 ] 0x01250008
		mem[ 6 ] 0x00520006
		mem[ 7 ] 0x00640007
		mem[ 8 ] 0x00770006
		mem[ 9 ] 0x01300001
		mem[ 10 ] 0x000B0003
		mem[ 11 ] 0x00090001
		mem[ 12 ] 0x00240004
		mem[ 13 ] 0x0100FFF7
		mem[ 14 ] 0x01800000
		mem[ 15 ] 0x0000183B
		mem[ 16 ] 0x00000595
		mem[ 17 ] 0x00000001
		mem[ 18 ] 0x00008000
	registers:
		reg[ 0 ] 0
		reg[ 1 ] 6203
		reg[ 2 ] 1429
		reg[ 3 ] 0
		reg[ 4 ] 0
		reg[ 5 ] 0
		reg[ 6 ] 0
		reg[ 7 ] 0
end state

@@@
state:
	pc 4
	memory:
		mem[ 0 ] 0x0081000F
		mem[ 1 ] 0x00820010
		mem[ 2 ] 0x00000003
		mem[ 3 ] 0x00840011
		mem[ 4 ] 0x00850012
		mem[ 5 ] 0x01250008
		mem[ 6 ] 0x00520006
		mem[ 7 ] 0x00640007
		mem[ 8 ] 0x00770006
		mem[ 9 ] 0x01300001
		mem[ 10 ] 0x000B0003
		mem[ 11 ] 0x00090001
		mem[ 12 ] 0x00240004
		mem[ 13 ] 0x0100FFF7
		mem[ 14 ] 0x01800000
		mem[ 15 ] 0x0000183B
		mem[ 16 ] 0x00000595
		mem[ 17 ] 0x00000001
		mem[ 18 ] 0x00008000
	registers:
		reg[ 0 ] 0
		reg[ 1 ] 6203
		reg[ 2 ] 1429
		reg[ 3 ] 0
		reg[ 4 ] 1
		reg[ 5 ] 0
		reg[ 6 ] 0
		reg[ 7 ] 0
end state

@@@
state:
	pc 5
	memory:
		mem[ 0 ] 0x0081000F
		mem[ 1 ] 0x00820010
		mem[ 2 ] 0x00000003
		mem[ 3 ] 0x00840011
		mem[ 4 ] 0x00850012
		mem[ 5 ] 0x01250008
		mem[ 6 ] 0x00520006
		mem[ 7 ] 0x00640007
		mem[ 8 ] 0x00770006
		mem[ 9 ] 0x01300001
		mem[ 10 ] 0x000B0003
		mem[ 11 ] 0x00090001
		mem[ 12 ] 0x00240004
		mem[ 13 ] 0x0100FFF7
		mem[ 14 ] 0x01800000
		mem[ 15 ] 0x0000183B
		mem[ 16 ] 0x00000595
		mem[ 17 ] 0x00000001
		mem[ 18 ] 0x00008000
	registers:
		reg[ 0 ] 0
		reg[ 1 ] 6203
		reg[ 2 ] 1429
		reg[ 3 ] 0
		reg[ 4 ] 1
		reg[ 5 ] 32768
		reg[ 6 ] 0
		reg[ 7 ] 0
end state

@@@
state:
	pc 6
	memory:
		mem[ 0 ] 0x0081000F
		mem[ 1 ] 0x00820010
		mem[ 2 ] 0x00000003
		mem[ 3 ] 0x00840011
		mem[ 4 ] 0x00850012
		mem[ 5 ] 0x01250008
		mem[ 6 ] 0x00520006
		mem[ 7 ] 0x00640007
		mem[ 8 ] 0x00770006
		mem[ 9 ] 0x01300001
		mem[ 10 ] 0x000B0003
		mem[ 11 ] 0x00090001
		mem[ 12 ] 0x00240004
		mem[ 13 ] 0x0100FFF7
		mem[ 14 ] 0x01800000
		mem[ 15 ] 0x0000183B
		mem[ 16 ] 0x00000595
		mem[ 17 ] 0x00000001
		mem[ 18 ] 0x00008000
	registers:
		reg[ 0 ] 0
		reg[ 1 ] 6203
		reg[ 2 ] 1429
		reg[ 3 ] 0
		reg[ 4 ] 1
		reg[ 5 ] 32768
		reg[ 6 ] 0
		reg[ 7 ] 0
end state

@@@
state:
	pc 7
	memory:
		mem[ 0 ] 0x0081000F
		mem[ 1 ] 0x00820010
		mem[ 2 ] 0x00000003
		mem[ 3 ] 0x00840011
		mem[ 4 ] 0x00850012
		mem[ 5 ] 0x01250008
		mem[ 6 ] 0x00520006
		mem[ 7 ] 0x00640007
		mem[ 8 ] 0x00770006
		mem[ 9 ] 0x01300001
		mem[ 10 ] 0x000B0003
		mem[ 11 ] 0x00090001
		mem[ 12 ] 0x00240004
		mem[ 13 ] 0x0100FFF7
		mem[ 14 ] 0x01800000
		mem[ 15 ] 0x0000183B
		mem[ 16 ] 0x00000595
		mem[ 17 ] 0x00000001
		mem[ 18 ] 0x00008000
	registers:
		reg[ 0 ] 0
		reg[ 1 ] 6203
		reg[ 2 ] 1429
		reg[ 3 ] 0
		reg[ 4 ] 1
		reg[ 5 ] 32768
		reg[ 6 ] -1430
		reg[ 7 ] 0
end state

@@@
state:
	pc 8
	memory:
		mem[ 0 ] 0x0081000F
		mem[ 1 ] 0x00820010
		mem[ 2 ] 0x00000003
		mem[ 3 ] 0x00840011
		mem[ 4 ] 0x00850012
		mem[ 5 ] 0x01250008
		mem[ 6 ] 0x00520006
		mem[ 7 ] 0x00640007
		mem[ 8 ] 0x00770006
		mem[ 9 ] 0x01300001
		mem[ 10 ] 0x000B0003
		mem[ 11 ] 0x00090001
		mem[ 12 ] 0x00240004
		mem[ 13 ] 0x0100FFF7
		mem[ 14 ] 0x01800000
		mem[ 15 ] 0x0000183B
		mem[ 16 ] 0x00000595
		mem[ 17 ] 0x00000001
		mem[ 18 ] 0x00008000
	registers:
		reg[ 0 ] 0
		reg[ 1 ] 6203
		reg[ 2 ] 1429
		reg[ 3 ] 0
		reg[ 4 ] 1
		reg[ 5 ] 32768
		reg[ 6 ] -1430
		reg[ 7 ] -2
end state

@@@
state:
	pc 9
	memory:
		mem[ 0 ] 0x0081000F
		mem[ 1 ] 0x00820010
		mem[ 2 ] 0x00000003
		mem[ 3 ] 0x00840011
		mem[ 4 ] 0x00850012
		mem[ 5 ] 0x01250008
		mem[ 6 ] 0x00520006
		mem[ 7 ] 0x00640007
		mem[ 8 ] 0x00770006
		mem[ 9 ] 0x01300001
		mem[ 10 ] 0x000B0003
		mem[ 11 ] 0x00090001
		mem[ 12 ] 0x00240004
		mem[ 13 ] 0x0100FFF7
		mem[ 14 ] 0x01800000
		mem[ 15 ] 0x0000183B
		mem[ 16 ] 0x00000595
		mem[ 17 ] 0x00000001
		mem[ 18 ] 0x00008000
	registers:
		reg[ 0 ] 0
		reg[ 1 ] 6203
		reg[ 2 ] 1429
		reg[ 3 ] 0
		reg[ 4 ] 1
		reg[ 5 ] 32768
		reg[ 6 ] 1
		reg[ 7 ] -2
end state

@@@
state:
	pc 10
	memory:
		mem[ 0 ] 0x0081000F
		mem[ 1 ] 0x00820010
		mem[ 2 ] 0x00000003
		mem[ 3 ] 0x00840011
		mem[ 4 ] 0x00850012
		mem[ 5 ] 0x01250008
		mem[ 6 ] 0x00520006
		mem[ 7 ] 0x00640007
		mem[ 8 ] 0x00770006
		mem[ 9 ] 0x01300001
		mem[ 10 ] 0x000B0003
		mem[ 11 ] 0x00090001
		mem[ 12 ] 0x00240004
		mem[ 13 ] 0x0100FFF7
		mem[ 14 ] 0x01800000
		mem[ 15 ] 0x0000183B
		mem[ 16 ] 0x00000595
		mem[ 17 ] 0x00000001
		mem[ 18 ] 0x00008000
	registers:
		reg[ 0 ] 0
		reg[ 1 ] 6203
		reg[ 2 ] 1429
		reg[ 3 ] 0
		reg[ 4 ] 1
		reg[ 5 ] 32768
		reg[ 6 ] 1
		reg[ 7 ] -2
end state

@@@
state:
	pc 11
	memory:
		mem[ 0 ] 0x0081000F
		mem[ 1 ] 0x00820010
		mem[ 2 ] 0x00000003
		mem[ 3 ] 0x00840011
		mem[ 4 ] 0x00850012
		mem[ 5 ] 0x01250008
		mem[ 6 ] 0x00520006
		mem[ 7 ] 0x00640007
		mem[ 8 ] 0x00770006
		mem[ 9 ] 0x01300001
		mem[ 10 ] 0x000B0003
		mem[ 11 ] 0x00090001
		mem[ 12 ] 0x00240004
		mem[ 13 ] 0x0100FFF7
		mem[ 14 ] 0x01800000
		mem[ 15 ] 0x0000183B
		mem[ 16 ] 0x00000595
		mem[ 17 ] 0x00000001
		mem[ 18 ] 0x00008000
	registers:
		reg[ 0 ] 0
		reg[ 1 ] 6203
		reg[ 2 ] 1429
		reg[ 3 ] 6203
		reg[ 4 ] 1
		reg[ 5 ] 32768
		reg[ 6 ] 1
		reg[ 7 ] -2
end state

@@@
state:
	pc 12
	memory:
		mem[ 0 ] 0x0081000F
		mem[ 1 ] 0x00820010
		mem[ 2 ] 0x00000003
		mem[ 3 ] 0x00840011
		mem[ 4 ] 0x00850012
		mem[ 5 ] 0x01250008
		mem[ 6 ] 0x00520006
		mem[ 7 ] 0x00640007
		mem[ 8 ] 0x00770006
		mem[ 9 ] 0x01300001
		mem[ 10 ] 0x000B0003
		mem[ 11 ] 0x00090001
		mem[ 12 ] 0x00240004
		mem[ 13 ] 0x0100FFF7
		mem[ 14 ] 0x01800000
		mem[ 15 ] 0x0000183B
		mem[ 16 ] 0x00000595
		mem[ 17 ] 0x00000001
		mem[ 18 ] 0x00008000
	registers:
		reg[ 0 ] 0
		reg[ 1 ] 12406
		reg[ 2 ] 1429
		reg[ 3 ] 6203
		reg[ 4 ] 1
		reg[ 5 ] 32768
		reg[ 6 ] 1
		reg[ 7 ] -2
end state

@@@
state:
	pc 13
	memory:
		mem[ 0 ] 0x0081000F
		mem[ 1 ] 0x00820010
		mem[ 2 ] 0x00000003
		mem[ 3 ] 0x00840011
		mem[ 4 ] 0x00850012
		mem[ 5 ] 0x01250008
		mem[ 6 ] 0x00520006
		mem[ 7 ] 0x00640007
		mem[ 8 ] 0x00770006
		mem[ 9 ] 0x01300001
		mem[ 10 ] 0x000B0003
		mem[ 11 ] 0x00090001
		mem[ 12 ] 0x00240004
		mem[ 13 ] 0x0100FFF7
		mem[ 14 ] 0x01800000
		mem[ 15 ] 0x0000183B
		mem[ 16 ] 0x00000595
		mem[ 17 ] 0x00000001
		mem[ 18 ] 0x00008000
	registers:
		reg[ 0 ] 0
		reg[ 1 ] 12406
		reg[ 2 ] 1429
		reg[ 3 ] 6203
		reg[ 4 ] 2
		reg[ 5 ] 32768
		reg[ 6 ] 1
		reg[ 7 ] -2
end state

@@@
state:
	pc 5
	memory:
		mem[ 0 ] 0x0081000F
		mem[ 1 ] 0x00820010
		mem[ 2 ] 0x00000003
		mem[ 3 ] 0x00840011
		mem[ 4 ] 0x00850012
		mem[ 5 ] 0x01250008
		mem[ 6 ] 0x00520006
		mem[ 7 ] 0x00640007
		mem[ 8 ] 0x00770006
		mem[ 9 ] 0x01300001
		mem[ 10 ] 0x000B0003
		mem[ 11 ] 0x00090001
		mem[ 12 ] 0x00240004
		mem[ 13 ] 0x0100FFF7
		mem[ 14 ] 0x01800000
		mem[ 15 ] 0x0000183B
		mem[ 16 ] 0x00000595
		mem[ 17 ] 0x00000001
		mem[ 18 ] 0x00008000
	registers:
		reg[ 0 ] 0
		reg[ 1 ] 12406
		reg[ 2 ] 1429
		reg[ 3 ] 6203
		reg[ 4 ] 2
		reg[ 5 ] 32768
		reg[ 6 ] 1
		reg[ 7 ] -2
end state

@@@
state:
	pc 6
	memory:
		mem[ 0 ] 0x0081000F
		mem[ 1 ] 0x00820010
		mem[ 2 ] 0x00000003
		mem[ 3 ] 0x00840011
		mem[ 4 ] 0x00850012
		mem[ 5 ] 0x01250008
		mem[ 6 ] 0x00520006
		mem[ 7 ] 0x00640007
		mem[ 8 ] 0x00770006
		mem[ 9 ] 0x01300001
		mem[ 10 ] 0x000B0003
		mem[ 11 ] 0x00090001
		mem[ 12 ] 0x00240004
		mem[ 13 ] 0x0100FFF7
		mem[ 14 ] 0x01800000
		mem[ 15 ] 0x0000183B
		mem[ 16 ] 0x00000595
		mem[ 17 ] 0x00000001
		mem[ 18 ] 0x00008000
	registers:
		reg[ 0 ] 0
		reg[ 1 ] 12406
		reg[ 2 ] 1429
		reg[ 3 ] 6203
		reg[ 4 ] 2
		reg[ 5 ] 32768
		reg[ 6 ] 1
		reg[ 7 ] -2
end state

@@@
state:
	pc 7
	memory:
		mem[ 0 ] 0x0081000F
		mem[ 1 ] 0x00820010
		mem[ 2 ] 0x00000003
		mem[ 3 ] 0x00840011
		mem[ 4 ] 0x00850012
		mem[ 5 ] 0x01250008
		mem[ 6 ] 0x00520006
		mem[ 7 ] 0x00640007
		mem[ 8 ] 0x00770006
		mem[ 9 ] 0x01300001
		mem[ 10 ] 0x000B0003
		mem[ 11 ] 0x00090001
		mem[ 12 ] 0x00240004
		mem[ 13 ] 0x0100FFF7
		mem[ 14 ] 0x01800000
		mem[ 15 ] 0x0000183B
		mem[ 16 ] 0x00000595
		mem[ 17 ] 0x00000001
		mem[ 18 ] 0x00008000
	registers:
		reg[ 0 ] 0
		reg[ 1 ] 12406
		reg[ 2 ] 1429
		reg[ 3 ] 6203
		reg[ 4 ] 2
		reg[ 5 ] 32768
		reg[ 6 ] -1430
		reg[ 7 ] -2
end state

@@@
state:
	pc 8
	memory:
		mem[ 0 ] 0x0081000F
		mem[ 1 ] 0x00820010
		mem[ 2 ] 0x00000003
		mem[ 3 ] 0x00840011
		mem[ 4 ] 0x00850012
		mem[ 5 ] 0x01250008
		mem[ 6 ] 0x00520006
		mem[ 7 ] 0x00640007
		mem[ 8 ] 0x00770006
		mem[ 9 ] 0x01300001
		mem[ 10 ] 0x000B0003
		mem[ 11 ] 0x00090001
		mem[ 12 ] 0x00240004
		mem[ 13 ] 0x0100FFF7
		mem[ 14 ] 0x01800000
		mem[ 15 ] 0x0000183B
		mem[ 16 ] 0x00000595
		mem[ 17 ] 0x00000001
		mem[ 18 ] 0x00008000
	registers:
		reg[ 0 ] 0
		reg[ 1 ] 12406
		reg[ 2 ] 1429
		reg[ 3 ] 6203
		reg[ 4 ] 2
		reg[ 5 ] 32768
		reg[ 6 ] -1430
		reg[ 7 ] -3
end state

@@@
state:
	pc 9
	memory:
		mem[ 0 ] 0x0081000F
		mem[ 1 ] 0x00820010
		mem[ 2 ] 0x00000003
		mem[ 3 ] 0x00840011
		mem[ 4 ] 0x00850012
		mem[ 5 ] 0x01250008
		mem[ 6 ] 0x00520006
		mem[ 7 ] 0x00640007
		mem[ 8 ] 0x00770006
		mem[ 9 ] 0x01300001
		mem[ 10 ] 0x000B0003
		mem[ 11 ] 0x00090001
		mem[ 12 ] 0x00240004
		mem[ 13 ] 0x0100FFF7
		mem[ 14 ] 0x01800000
		mem[ 15 ] 0x0000183B
		mem[ 16 ] 0x00000595
		mem[ 17 ] 0x00000001
		mem[ 18 ] 0x00008000
	registers:
		reg[ 0 ] 0
		reg[ 1 ] 12406
		reg[ 2 ] 1429
		reg[ 3 ] 6203
		reg[ 4 ] 2
		reg[ 5 ] 32768
		reg[ 6 ] 0
		reg[ 7 ] -3
end state

@@@
state:
	pc 11
	memory:
		mem[ 0 ] 0x0081000F
		mem[ 1 ] 0x00820010
		mem[ 2 ] 0x00000003
		mem[ 3 ] 0x00840011
		mem[ 4 ] 0x00850012
		mem[ 5 ] 0x01250008
		mem[ 6 ] 0x00520006
		mem[ 7 ] 0x00640007
		mem[ 8 ] 0x00770006
		mem[ 9 ] 0x01300001
		mem[ 10 ] 0x000B0003
		mem[ 11 ] 0x00090001
		mem[ 12 ] 0x00240004
		mem[ 13 ] 0x0100FFF7
		mem[ 14 ] 0x01800000
		mem[ 15 ] 0x0000183B
		mem[ 16 ] 0x00000595
		mem[ 17 ] 0x00000001
		mem[ 18 ] 0x00008000
	registers:
		reg[ 0 ] 0
		reg[ 1 ] 12406
		reg[ 2 ] 1429
		reg[ 3 ] 6203
		reg[ 4 ] 2
		reg[ 5 ] 32768
		reg[ 6 ] 0
		reg[ 7 ] -3
end state

@@@
state:
	pc 12
	memory:
		mem[ 0 ] 0x0081000F
		mem[ 1 ] 0x00820010
		mem[ 2 ] 0x00000003
		mem[ 3 ] 0x00840011
		mem[ 4 ] 0x00850012
		mem[ 5 ] 0x01250008
		mem[ 6 ] 0x00520006
		mem[ 7 ] 0x00640007
		mem[ 8 ] 0x00770006
		mem[ 9 ] 0x01300001
		mem[ 10 ] 0x000B0003
		mem[ 11 ] 0x00090001
		mem[ 12 ] 0x00240004
		mem[ 13 ] 0x0100FFF7
		mem[ 14 ] 0x01800000
		mem[ 15 ] 0x0000183B
		mem[ 16 ] 0x00000595
		mem[ 17 ] 0x00000001
		mem[ 18 ] 0x00008000
	registers:
		reg[ 0 ] 0
		reg[ 1 ] 24812
		reg[ 2 ] 1429
		reg[ 3 ] 6203
		reg[ 4 ] 2
		reg[ 5 ] 32768
		reg[ 6 ] 0
		reg[ 7 ] -3
end state

@@@
state:
	pc 13
	memory:
		mem[ 0 ] 0x0081000F
		mem[ 1 ] 0x00820010
		mem[ 2 ] 0x00000003
		mem[ 3 ] 0x00840011
		mem[ 4 ] 0x00850012
		mem[ 5 ] 0x01250008
		mem[ 6 ] 0x00520006
		mem[ 7 ] 0x00640007
		mem[ 8 ] 0x00770006
		mem[ 9 ] 0x01300001
		mem[ 10 ] 0x000B0003
		mem[ 11 ] 0x00090001
		mem[ 12 ] 0x00240004
		mem[ 13 ] 0x0100FFF7
		mem[ 14 ] 0x01800000
		mem[ 15 ] 0x0000183B
		mem[ 16 ] 0x00000595
		mem[ 17 ] 0x00000001
		mem[ 18 ] 0x00008000
	registers:
		reg[ 0 ] 0
		reg[ 1 ] 24812
		reg[ 2 ] 1429
		reg[ 3 ] 6203
		reg[ 4 ] 4
		reg[ 5 ] 32768
		reg[ 6 ] 0
		reg[ 7 ] -3
end state

@@@
state:
	pc 5
	memory:
		mem[ 0 ] 0x0081000F
		mem[ 1 ] 0x00820010
		mem[ 2 ] 0x00000003
		mem[ 3 ] 0x00840011
		mem[ 4 ] 0x00850012
		mem[ 5 ] 0x01250008
		mem[ 6 ] 0x00520006
		mem[ 7 ] 0x00640007
		mem[ 8 ] 0x00770006
		mem[ 9 ] 0x01300001
		mem[ 10 ] 0x000B0003
		mem[ 11 ] 0x00090001
		mem[ 12 ] 0x00240004
		mem[ 13 ] 0x0100FFF7
		mem[ 14 ] 0x01800000
		mem[ 15 ] 0x0000183B
		mem[ 16 ] 0x00000595
		mem[ 17 ] 0x00000001
		mem[ 18 ] 0x00008000
	registers:
		reg[ 0 ] 0
		reg[ 1 ] 24812
		reg[ 2 ] 1429
		reg[ 3 ] 6203
		reg[ 4 ] 4
		reg[ 5 ] 32768
		reg[ 6 ] 0
		reg[ 7 ] -3
end state

@@@
state:
	pc 6
	memory:
		mem[ 0 ] 0x0081000F
		mem[ 1 ] 0x00820010
		mem[ 2 ] 0x00000003
		mem[ 3 ] 0x00840011
		mem[ 4 ] 0x00850012
		mem[ 5 ] 0x01250008
		mem[ 6 ] 0x00520006
		mem[ 7 ] 0x00640007
		mem[ 8 ] 0x00770006
		mem[ 9 ] 0x01300001
		mem[ 10 ] 0x000B0003
		mem[ 11 ] 0x00090001
		mem[ 12 ] 0x00240004
		mem[ 13 ] 0x0100FFF7
		mem[ 14 ] 0x01800000
		mem[ 15 ] 0x0000183B
		mem[ 16 ] 0x00000595
		mem[ 17 ] 0x00000001
		mem[ 18 ] 0x00008000
	registers:
		reg[ 0 ] 0
		reg[ 1 ] 24812
		reg[ 2 ] 1429
		reg[ 3 ] 6203
		reg[ 4 ] 4
		reg[ 5 ] 32768
		reg[ 6 ] 0
		reg[ 7 ] -3
end state

@@@
state:
	pc 7
	memory:
		mem[ 0 ] 0x0081000F
		mem[ 1 ] 0x00820010
		mem[ 2 ] 0x00000003
		mem[ 3 ] 0x00840011
		mem[ 4 ] 0x00850012
		mem[ 5 ] 0x01250008
		mem[ 6 ] 0x00520006
		mem[ 7 ] 0x00640007
		mem[ 8 ] 0x00770006
		mem[ 9 ] 0x01300001
		mem[ 10 ] 0x000B0003
		mem[ 11 ] 0x00090001
		mem[ 12 ] 0x00240004
		mem[ 13 ] 0x0100FFF7
		mem[ 14 ] 0x01800000
		mem[ 15 ] 0x0000183B
		mem[ 16 ] 0x00000595
		mem[ 17 ] 0x00000001
		mem[ 18 ] 0x00008000
	registers:
		reg[ 0 ] 0
		reg[ 1 ] 24812
		reg[ 2 ] 1429
		reg[ 3 ] 6203
		reg[ 4 ] 4
		reg[ 5 ] 32768
		reg[ 6 ] -1430
		reg[ 7 ] -3
end state

@@@
state:
	pc 8
	memory:
		mem[ 0 ] 0x0081000F
		mem[ 1 ] 0x00820010
		mem[ 2 ] 0x00000003
		mem[ 3 ] 0x00840011
		mem[ 4 ] 0x00850012
		mem[ 5 ] 0x01250008
		mem[ 6 ] 0x00520006
		mem[ 7 ] 0x00640007
		mem[ 8 ] 0x00770006
		mem[ 9 ] 0x01300001
		mem[ 10 ] 0x000B0003
		mem[ 11 ] 0x00090001
		mem[ 12 ] 0x00240004
		mem[ 13 ] 0x0100FFF7
		mem[ 14 ] 0x01800000
		mem[ 15 ] 0x0000183B
		mem[ 16 ] 0x00000595
		mem[ 17 ] 0x00000001
		mem[ 18 ] 0x00008000
	registers:
		reg[ 0 ] 0
		reg[ 1 ] 24812
		reg[ 2 ] 1429
		reg[ 3 ] 6203
		reg[ 4 ] 4
		reg[ 5 ] 32768
		reg[ 6 ] -1430
		reg[ 7 ] -5
end state

@@@
state:
	pc 9
	memory:
		mem[ 0 ] 0x0081000F
		mem[ 1 ] 0x00820010
		mem[ 2 ] 0x00000003
		mem[ 3 ] 0x00840011
		mem[ 4 ] 0x00850012
		mem[ 5 ] 0x01250008
		mem[ 6 ] 0x00520006
		mem[ 7 ] 0x00640007
		mem[ 8 ] 0x00770006
		mem[ 9 ] 0x01300001
		mem[ 10 ] 0x000B0003
		mem[ 11 ] 0x00090001
		mem[ 12 ] 0x00240004
		mem[ 13 ] 0x0100FFF7
		mem[ 14 ] 0x01800000
		mem[ 15 ] 0x0000183B
		mem[ 16 ] 0x00000595
		mem[ 17 ] 0x00000001
		mem[ 18 ] 0x00008000
	registers:
		reg[ 0 ] 0
		reg[ 1 ] 24812
		reg[ 2 ] 1429
		reg[ 3 ] 6203
		reg[ 4 ] 4
		reg[ 5 ] 32768
		reg[ 6 ] 4
		reg[ 7 ] -5
end state

@@@
state:
	pc 10
	memory:
		mem[ 0 ] 0x0081000F
		mem[ 1 ] 0x00820010
		mem[ 2 ] 0x00000003
		mem[ 3 ] 0x00840011
		mem[ 4 ] 0x00850012
		mem[ 5 ] 0x01250008
		mem[ 6 ] 0x00520006
		mem[ 7 ] 0x00640007
		mem[ 8 ] 0x00770006
		mem[ 9 ] 0x01300001
		mem[ 10 ] 0x000B0003
		mem[ 11 ] 0x00090001
		mem[ 12 ] 0x00240004
		mem[ 13 ] 0x0100FFF7
		mem[ 14 ] 0x01800000
		mem[ 15 ] 0x0000183B
		mem[ 16 ] 0x00000595
		mem[ 17 ] 0x00000001
		mem[ 18 ] 0x00008000
	registers:
		reg[ 0 ] 0
		reg[ 1 ] 24812
		reg[ 2 ] 1429
		reg[ 3 ] 6203
		reg[ 4 ] 4
		reg[ 5 ] 32768
		reg[ 6 ] 4
		reg[ 7 ] -5
end state

@@@
state:
	pc 11
	memory:
		mem[ 0 ] 0x0081000F
		mem[ 1 ] 0x00820010
		mem[ 2 ] 0x00000003
		mem[ 3 ] 0x00840011
		mem[ 4 ] 0x00850012
		mem[ 5 ] 0x01250008
		mem[ 6 ] 0x00520006
		mem[ 7 ] 0x00640007
		mem[ 8 ] 0x00770006
		mem[ 9 ] 0x01300001
		mem[ 10 ] 0x000B0003
		mem[ 11 ] 0x00090001
		mem[ 12 ] 0x00240004
		mem[ 13 ] 0x0100FFF7
		mem[ 14 ] 0x01800000
		mem[ 15 ] 0x0000183B
		mem[ 16 ] 0x00000595
		mem[ 17 ] 0x00000001
		mem[ 18 ] 0x00008000
	registers:
		reg[ 0 ] 0
		reg[ 1 ] 24812
		reg[ 2 ] 1429
		reg[ 3 ] 31015
		reg[ 4 ] 4
		reg[ 5 ] 32768
		reg[ 6 ] 4
		reg[ 7 ] -5
end state

@@@
state:
	pc 12
	memory:
		mem[ 0 ] 0x0081000F
		mem[ 1 ] 0x00820010
		mem[ 2 ] 0x00000003
		mem[ 3 ] 0x00840011
		mem[ 4 ] 0x00850012
		mem[ 5 ] 0x01250008
		mem[ 6 ] 0x00520006
		mem[ 7 ] 0x00640007
		mem[ 8 ] 0x00770006
		mem[ 9 ] 0x01300001
		mem[ 10 ] 0x000B0003
		mem[ 11 ] 0x00090001
		mem[ 12 ] 0x00240004
		mem[ 13 ] 0x0100FFF7
		mem[ 14 ] 0x01800000
		mem[ 15 ] 0x0000183B
		mem[ 16 ] 0x00000595
		mem[ 17 ] 0x00000001
		mem[ 18 ] 0x00008000
	registers:
		reg[ 0 ] 0
		reg[ 1 ] 49624
		reg[ 2 ] 1429
		reg[ 3 ] 31015
		reg[ 4 ] 4
		reg[ 5 ] 32768
		reg[ 6 ] 4
		reg[ 7 ] -5
end state

@@@
state:
	pc 13
	memory:
		mem[ 0 ] 0x0081000F
		mem[ 1 ] 0x00820010
		mem[ 2 ] 0x00000003
		mem[ 3 ] 0x00840011
		mem[ 4 ] 0x00850012
		mem[ 5 ] 0x01250008
		mem[ 6 ] 0x00520006
		mem[ 7 ] 0x00640007
		mem[ 8 ] 0x00770006
		mem[ 9 ] 0x01300001
		mem[ 10 ] 0x000B0003
		mem[ 11 ] 0x00090001
		mem[ 12 ] 0x00240004
		mem[ 13 ] 0x0100FFF7
		mem[ 14 ] 0x01800000
		mem[ 15 ] 0x0000183B
		mem[ 16 ] 0x00000595
		mem[ 17 ] 0x00000001
		mem[ 18 ] 0x00008000
	registers:
		reg[ 0 ] 0
		reg[ 1 ] 49624
		reg[ 2 ] 1429
		reg[ 3 ] 31015
		reg[ 4 ] 8
		reg[ 5 ] 32768
		reg[ 6 ] 4
		reg[ 7 ] -5
end state

@@@
state:
	pc 5
	memory:
		mem[ 0 ] 0x0081000F
		mem[ 1 ] 0x00820010
		mem[ 2 ] 0x00000003
		mem[ 3 ] 0x00840011
		mem[ 4 ] 0x00850012
		mem[ 5 ] 0x01250008
		mem[ 6 ] 0x00520006
		mem[ 7 ] 0x00640007
		mem[ 8 ] 0x00770006
		mem[ 9 ] 0x01300001
		mem[ 10 ] 0x000B0003
		mem[ 11 ] 0x00090001
		mem[ 12 ] 0x00240004
		mem[ 13 ] 0x0100FFF7
		mem[ 14 ] 0x01800000
		mem[ 15 ] 0x0000183B
		mem[ 16 ] 0x00000595
		mem[ 17 ] 0x00000001
		mem[ 18 ] 0x00008000
	registers:
		reg[ 0 ] 0
		reg[ 1 ] 49624
		reg[ 2 ] 1429
		reg[ 3 ] 31015
		reg[ 4 ] 8
		reg[ 5 ] 32768
		reg[ 6 ] 4
		reg[ 7 ] -5
end state

@@@
state:
	pc 6
	memory:
		mem[ 0 ] 0x0081000F
		mem[ 1 ] 0x00820010
		mem[ 2 ] 0x00000003
		mem[ 3 ] 0x00840011
		mem[ 4 ] 0x00850012
		mem[ 5 ] 0x01250008
		mem[ 6 ] 0x00520006
		mem[ 7 ] 0x00640007
		mem[ 8 ] 0x00770006
		mem[ 9 ] 0x01300001
		mem[ 10 ] 0x000B0003
		mem[ 11 ] 0x00090001
		mem[ 12 ] 0x00240004
		mem[ 13 ] 0x0100FFF7
		mem[ 14 ] 0x01800000
		mem[ 15 ] 0x0000183B
		mem[ 16 ] 0x00000595
		mem[ 17 ] 0x00000001
		mem[ 18 ] 0x00008000
	registers:
		reg[ 0 ] 0
		reg[ 1 ] 49624
		reg[ 2 ] 1429
		reg[ 3 ] 31015
		reg[ 4 ] 8
		reg[ 5 ] 32768
		reg[ 6 ] 4
		reg[ 7 ] -5
end state

@@@
state:
	pc 7
	memory:
		mem[ 0 ] 0x0081000F
		mem[ 1 ] 0x00820010
		mem[ 2 ] 0x00000003
		mem[ 3 ] 0x00840011
		mem[ 4 ] 0x00850012
		mem[ 5 ] 0x01250008
		mem[ 6 ] 0x00520006
		mem[ 7 ] 0x00640007
		mem[ 8 ] 0x00770006
		mem[ 9 ] 0x01300001
		mem[ 10 ] 0x000B0003
		mem[ 11 ] 0x00090001
		mem[ 12 ] 0x00240004
		mem[ 13 ] 0x0100FFF7
		mem[ 14 ] 0x01800000
		mem[ 15 ] 0x0000183B
		mem[ 16 ] 0x00000595
		mem[ 17 ] 0x00000001
		mem[ 18 ] 0x00008000
	registers:
		reg[ 0 ] 0
		reg[ 1 ] 49624
		reg[ 2 ] 1429
		reg[ 3 ] 31015
		reg[ 4 ] 8
		reg[ 5 ] 32768
		reg[ 6 ] -1430
		reg[ 7 ] -5
end state

@@@
state:
	pc 8
	memory:
		mem[ 0 ] 0x0081000F
		mem[ 1 ] 0x00820010
		mem[ 2 ] 0x00000003
		mem[ 3 ] 0x00840011
		mem[ 4 ] 0x00850012
		mem[ 5 ] 0x01250008
		mem[ 6 ] 0x00520006
		mem[ 7 ] 0x00640007
		mem[ 8 ] 0x00770006
		mem[ 9 ] 0x01300001
		mem[ 10 ] 0x000B0003
		mem[ 11 ] 0x00090001
		mem[ 12 ] 0x00240004
		mem[ 13 ] 0x0100FFF7
		mem[ 14 ] 0x01800000
		mem[ 15 ] 0x0000183B
		mem[ 16 ] 0x00000595
		mem[ 17 ] 0x00000001
		mem[ 18 ] 0x00008000
	registers:
		reg[ 0 ] 0
		reg[ 1 ] 49624
		reg[ 2 ] 1429
		reg[ 3 ] 31015
		reg[ 4 ] 8
		reg[ 5 ] 32768
		reg[ 6 ] -1430
		reg[ 7 ] -9
end state

@@@
state:
	pc 9
	memory:
		mem[ 0 ] 0x0081000F
		mem[ 1 ] 0x00820010
		mem[ 2 ] 0x00000003
		mem[ 3 ] 0x00840011
		mem[ 4 ] 0x00850012
		mem[ 5 ] 0x01250008
		mem[ 6 ] 0x00520006
		mem[ 7 ] 0x00640007
		mem[ 8 ] 0x00770006
		mem[ 9 ] 0x01300001
		mem[ 10 ] 0x000B0003
		mem[ 11 ] 0x00090001
		mem[ 12 ] 0x00240004
		mem[ 13 ] 0x0100FFF7
		mem[ 14 ] 0x01800000
		mem[ 15 ] 0x0000183B
		mem[ 16 ] 0x00000595
		mem[ 17 ] 0x00000001
		mem[ 18 ] 0x00008000
	registers:
		reg[ 0 ] 0
		reg[ 1 ] 49624
		reg[ 2 ] 1429
		reg[ 3 ] 31015
		reg[ 4 ] 8
		reg[ 5 ] 32768
		reg[ 6 ] 0
		reg[ 7 ] -9
end state

@@@
state:
	pc 11
	memory:
		mem[ 0 ] 0x0081000F
		mem[ 1 ] 0x00820010
		mem[ 2 ] 0x00000003
		mem[ 3 ] 0x00840011
		mem[ 4 ] 0x00850012
		mem[ 5 ] 0x01250008
		mem[ 6 ] 0x00520006
		mem[ 7 ] 0x00640007
		mem[ 8 ] 0x00770006
		mem[ 9 ] 0x01300001
		mem[ 10 ] 0x000B0003
		mem[ 11 ] 0x00090001
		mem[ 12 ] 0x00240004
		mem[ 13 ] 0x0100FFF7
		mem[ 14 ] 0x01800000
		mem[ 15 ] 0x0000183B
		mem[ 16 ] 0x00000595
		mem[ 17 ] 0x00000001
		mem[ 18 ] 0x00008000
	registers:
		reg[ 0 ] 0
		reg[ 1 ] 49624
		reg[ 2 ] 1429
		reg[ 3 ] 31015
		reg[ 4 ] 8
		reg[ 5 ] 32768
		reg[ 6 ] 0
		reg[ 7 ] -9
end state

@@@
state:
	pc 12
	memory:
		mem[ 0 ] 0x0081000F
		mem[ 1 ] 0x00820010
		mem[ 2 ] 0x00000003
		mem[ 3 ] 0x00840011
		mem[ 4 ] 0x00850012
		mem[ 5 ] 0x01250008
		mem[ 6 ] 0x00520006
		mem[ 7 ] 0x00640007
		mem[ 8 ] 0x00770006
		mem[ 9 ] 0x01300001
		mem[ 10 ] 0x000B0003
		mem[ 11 ] 0x00090001
		mem[ 12 ] 0x00240004
		mem[ 13 ] 0x0100FFF7
		mem[ 14 ] 0x01800000
		mem[ 15 ] 0x0000183B
		mem[ 16 ] 0x00000595
		mem[ 17 ] 0x00000001
		mem[ 18 ] 0x00008000
	registers:
		reg[ 0 ] 0
		reg[ 1 ] 99248
		reg[ 2 ] 1429
		reg[ 3 ] 31015
		reg[ 4 ] 8
		reg[ 5 ] 32768
		reg[ 6 ] 0
		reg[ 7 ] -9
end state

@@@
state:
	pc 13
	memory:
		mem[ 0 ] 0x0081000F
		mem[ 1 ] 0x00820010
		mem[ 2 ] 0x00000003
		mem[ 3 ] 0x00840011
		mem[ 4 ] 0x00850012
		mem[ 5 ] 0x01250008
		mem[ 6 ] 0x00520006
		mem[ 7 ] 0x00640007
		mem[ 8 ] 0x00770006
		mem[ 9 ] 0x01300001
		mem[ 10 ] 0x000B0003
		mem[ 11 ] 0x00090001
		mem[ 12 ] 0x00240004
		mem[ 13 ] 0x0100FFF7
		mem[ 14 ] 0x01800000
		mem[ 15 ] 0x0000183B
		mem[ 16 ] 0x00000595
		mem[ 17 ] 0x00000001
		mem[ 18 ] 0x00008000
	registers:
		reg[ 0 ] 0
		reg[ 1 ] 99248
		reg[ 2 ] 1429
		reg[ 3 ] 31015
		reg[ 4 ] 16
		reg[ 5 ] 32768
		reg[ 6 ] 0
		reg[ 7 ] -9
end state

@@@
state:
	pc 5
	memory:
		mem[ 0 ] 0x0081000F
		mem[ 1 ] 0x00820010
		mem[ 2 ] 0x00000003
		mem[ 3 ] 0x00840011
		mem[ 4 ] 0x00850012
		mem[ 5 ] 0x01250008
		mem[ 6 ] 0x00520006
		mem[ 7 ] 0x00640007
		mem[ 8 ] 0x00770006
		mem[ 9 ] 0x01300001
		mem[ 10 ] 0x000B0003
		mem[ 11 ] 0x00090001
		mem[ 12 ] 0x00240004
		mem[ 13 ] 0x0100FFF7
		mem[ 14 ] 0x01800000
		mem[ 15 ] 0x0000183B
		mem[ 16 ] 0x00000595
		mem[ 17 ] 0x00000001
		mem[ 18 ] 0x00008000
	registers:
		reg[ 0 ] 0
		reg[ 1 ] 99248
		reg[ 2 ] 1429
		reg[ 3 ] 31015
		reg[ 4 ] 16
		reg[ 5 ] 32768
		reg[ 6 ] 0
		reg[ 7 ] -9
end state

@@@
state:
	pc 6
	memory:
		mem[ 0 ] 0x0081000F
		mem[ 1 ] 0x00820010
		mem[ 2 ] 0x00000003
		mem[ 3 ] 0x00840011
		mem[ 4 ] 0x00850012
		mem[ 5 ] 0x01250008
		mem[ 6 ] 0x00520006
		mem[ 7 ] 0x00640007
		mem[ 8 ] 0x00770006
		mem[ 9 ] 0x01300001
		mem[ 10 ] 0x000B0003
		mem[ 11 ] 0x00090001
		mem[ 12 ] 0x00240004
		mem[ 13 ] 0x0100FFF7
		mem[ 14 ] 0x01800000
		mem[ 15 ] 0x0000183B
		mem[ 16 ] 0x00000595
		mem[ 17 ] 0x00000001
		mem[ 18 ] 0x00008000
	registers:
		reg[ 0 ] 0
		reg[ 1 ] 99248
		reg[ 2 ] 1429
		reg[ 3 ] 31015
		reg[ 4 ] 16
		reg[ 5 ] 32768
		reg[ 6 ] 0
		reg[ 7 ] -9
end state

@@@
state:
	pc 7
	memory:
		mem[ 0 ] 0x0081000F
		mem[ 1 ] 0x00820010
		mem[ 2 ] 0x00000003
		mem[ 3 ] 0x00840011
		mem[ 4 ] 0x00850012
		mem[ 5 ] 0x01250008
		mem[ 6 ] 0x00520006
		mem[ 7 ] 0x00640007
		mem[ 8 ] 0x00770006
		mem[ 9 ] 0x01300001
		mem[ 10 ] 0x000B0003
		mem[ 11 ] 0x00090001
		mem[ 12 ] 0x00240004
		mem[ 13 ] 0x0100FFF7
		mem[ 14 ] 0x01800000
		mem[ 15 ] 0x0000183B
		mem[ 16 ] 0x00000595
		mem[ 17 ] 0x00000001
		mem[ 18 ] 0x00008000
	registers:
		reg[ 0 ] 0
		reg[ 1 ] 99248
		reg[ 2 ] 1429
		reg[ 3 ] 31015
		reg[ 4 ] 16
		reg[ 5 ] 32768
		reg[ 6 ] -1430
		reg[ 7 ] -9
end state

@@@
state:
	pc 8
	memory:
		mem[ 0 ] 0x0081000F
		mem[ 1 ] 0x00820010
		mem[ 2 ] 0x00000003
		mem[ 3 ] 0x00840011
		mem[ 4 ] 0x00850012
		mem[ 5 ] 0x01250008
		mem[ 6 ] 0x00520006
		mem[ 7 ] 0x00640007
		mem[ 8 ] 0x00770006
		mem[ 9 ] 0x01300001
		mem[ 10 ] 0x000B0003
		mem[ 11 ] 0x00090001
		mem[ 12 ] 0x00240004
		mem[ 13 ] 0x0100FFF7
		mem[ 14 ] 0x01800000
		mem[ 15 ] 0x0000183B
		mem[ 16 ] 0x00000595
		mem[ 17 ] 0x00000001
		mem[ 18 ] 0x00008000
	registers:
		reg[ 0 ] 0
		reg[ 1 ] 99248
		reg[ 2 ] 1429
		reg[ 3 ] 31015
		reg[ 4 ] 16
		reg[ 5 ] 32768
		reg[ 6 ] -1430
		reg[ 7 ] -17
end state

@@@
state:
	pc 9
	memory:
		mem[ 0 ] 0x0081000F
		mem[ 1 ] 0x00820010
		mem[ 2 ] 0x00000003
		mem[ 3 ] 0x00840011
		mem[ 4 ] 0x00850012
		mem[ 5 ] 0x01250008
		mem[ 6 ] 0x00520006
		mem[ 7 ] 0x00640007
		mem[ 8 ] 0x00770006
		mem[ 9 ] 0x01300001
		mem[ 10 ] 0x000B0003
		mem[ 11 ] 0x00090001
		mem[ 12 ] 0x00240004
		mem[ 13 ] 0x0100FFF7
		mem[ 14 ] 0x01800000
		mem[ 15 ] 0x0000183B
		mem[ 16 ] 0x00000595
		mem[ 17 ] 0x00000001
		mem[ 18 ] 0x00008000
	registers:
		reg[ 0 ] 0
		reg[ 1 ] 99248
		reg[ 2 ] 1429
		reg[ 3 ] 31015
		reg[ 4 ] 16
		reg[ 5 ] 32768
		reg[ 6 ] 16
		reg[ 7 ] -17
end state

@@@
state:
	pc 10
	memory:
		mem[ 0 ] 0x0081000F
		mem[ 1 ] 0x00820010
		mem[ 2 ] 0x00000003
		mem[ 3 ] 0x00840011
		mem[ 4 ] 0x00850012
		mem[ 5 ] 0x01250008
		mem[ 6 ] 0x00520006
		mem[ 7 ] 0x00640007
		mem[ 8 ] 0x00770006
		mem[ 9 ] 0x01300001
		mem[ 10 ] 0x000B0003
		mem[ 11 ] 0x00090001
		mem[ 12 ] 0x00240004
		mem[ 13 ] 0x0100FFF7
		mem[ 14 ] 0x01800000
		mem[ 15 ] 0x0000183B
		mem[ 16 ] 0x00000595
		mem[ 17 ] 0x00000001
		mem[ 18 ] 0x00008000
	registers:
		reg[ 0 ] 0
		reg[ 1 ] 99248
		reg[ 2 ] 1429
		reg[ 3 ] 31015
		reg[ 4 ] 16
		reg[ 5 ] 32768
		reg[ 6 ] 16
		reg[ 7 ] -17
end state

@@@
state:
	pc 11
	memory:
		mem[ 0 ] 0x0081000F
		mem[ 1 ] 0x00820010
		mem[ 2 ] 0x00000003
		mem[ 3 ] 0x00840011
		mem[ 4 ] 0x00850012
		mem[ 5 ] 0x01250008
		mem[ 6 ] 0x00520006
		mem[ 7 ] 0x00640007
		mem[ 8 ] 0x00770006
		mem[ 9 ] 0x01300001
		mem[ 10 ] 0x000B0003
		mem[ 11 ] 0x00090001
		mem[ 12 ] 0x00240004
		mem[ 13 ] 0x0100FFF7
		mem[ 14 ] 0x01800000
		mem[ 15 ] 0x0000183B
		mem[ 16 ] 0x00000595
		mem[ 17 ] 0x00000001
		mem[ 18 ] 0x00008000
	registers:
		reg[ 0 ] 0
		reg[ 1 ] 99248
		reg[ 2 ] 1429
		reg[ 3 ] 130263
		reg[ 4 ] 16
		reg[ 5 ] 32768
		reg[ 6 ] 16
		reg[ 7 ] -17
end state

@@@
state:
	pc 12
	memory:
		mem[ 0 ] 0x0081000F
		mem[ 1 ] 0x00820010
		mem[ 2 ] 0x00000003
		mem[ 3 ] 0x00840011
		mem[ 4 ] 0x00850012
		mem[ 5 ] 0x01250008
		mem[ 6 ] 0x00520006
		mem[ 7 ] 0x00640007
		mem[ 8 ] 0x00770006
		mem[ 9 ] 0x01300001
		mem[ 10 ] 0x000B0003
		mem[ 11 ] 0x00090001
		mem[ 12 ] 0x00240004
		mem[ 13 ] 0x0100FFF7
		mem[ 14 ] 0x01800000
		mem[ 15 ] 0x0000183B
		mem[ 16 ] 0x00000595
		mem[ 17 ] 0x00000001
		mem[ 18 ] 0x00008000
	registers:
		reg[ 0 ] 0
		reg[ 1 ] 198496
		reg[ 2 ] 1429
		reg[ 3 ] 130263
		reg[ 4 ] 16
		reg[ 5 ] 32768
		reg[ 6 ] 16
		reg[ 7 ] -17
end state

@@@
state:
	pc 13
	memory:
		mem[ 0 ] 0x0081000F
		mem[ 1 ] 0x00820010
		mem[ 2 ] 0x00000003
		mem[ 3 ] 0x00840011
		mem[ 4 ] 0x00850012
		mem[ 5 ] 0x01250008
		mem[ 6 ] 0x00520006
		mem[ 7 ] 0x00640007
		mem[ 8 ] 0x00770006
		mem[ 9 ] 0x01300001
		mem[ 10 ] 0x000B0003
		mem[ 11 ] 0x00090001
		mem[ 12 ] 0x00240004
		mem[ 13 ] 0x0100FFF7
		mem[ 14 ] 0x01800000
		mem[ 15 ] 0x0000183B
		mem[ 16 ] 0x00000595
		mem[ 17 ] 0x00000001
		mem[ 18 ] 0x00008000
	registers:
		reg[ 0 ] 0
		reg[ 1 ] 198496
		reg[ 2 ] 1429
		reg[ 3 ] 130263
		reg[ 4 ] 32
		reg[ 5 ] 32768
		reg[ 6 ] 16
		reg[ 7 ] -17
end state

@@@
state:
	pc 5
	memory:
		mem[ 0 ] 0x0081000F
		mem[ 1 ] 0x00820010
		mem[ 2 ] 0x00000003
		mem[ 3 ] 0x00840011
		mem[ 4 ] 0x00850012
		mem[ 5 ] 0x01250008
		mem[ 6 ] 0x00520006
		mem[ 7 ] 0x00640007
		mem[ 8 ] 0x00770006
		mem[ 9 ] 0x01300001
		mem[ 10 ] 0x000B0003
		mem[ 11 ] 0x00090001
		mem[ 12 ] 0x00240004
		mem[ 13 ] 0x0100FFF7
		mem[ 14 ] 0x01800000
		mem[ 15 ] 0x0000183B
		mem[ 16 ] 0x00000595
		mem[ 17 ] 0x00000001
		mem[ 18 ] 0x00008000
	registers:
		reg[ 0 ] 0
		reg[ 1 ] 198496
		reg[ 2 ] 1429
		reg[ 3 ] 130263
		reg[ 4 ] 32
		reg[ 5 ] 32768
		reg[ 6 ] 16
		reg[ 7 ] -17
end state

@@@
state:
	pc 6
	memory:
		mem[ 0 ] 0x0081000F
		mem[ 1 ] 0x00820010
		mem[ 2 ] 0x00000003
		mem[ 3 ] 0x00840011
		mem[ 4 ] 0x00850012
		mem[ 5 ] 0x01250008
		mem[ 6 ] 0x00520006
		mem[ 7 ] 0x00640007
		mem[ 8 ] 0x00770006
		mem[ 9 ] 0x01300001
		mem[ 10 ] 0x000B0003
		mem[ 11 ] 0x00090001
		mem[ 12 ] 0x00240004
		mem[ 13 ] 0x0100FFF7
		mem[ 14 ] 0x01800000
		mem[ 15 ] 0x0000183B
		mem[ 16 ] 0x00000595
		mem[ 17 ] 0x00000001
		mem[ 18 ] 0x00008000
	registers:
		reg[ 0 ] 0
		reg[ 1 ] 198496
		reg[ 2 ] 1429
		reg[ 3 ] 130263
		reg[ 4 ] 32
		reg[ 5 ] 32768
		reg[ 6 ] 16
		reg[ 7 ] -17
end state

@@@
state:
	pc 7
	memory:
		mem[ 0 ] 0x0081000F
		mem[ 1 ] 0x00820010
		mem[ 2 ] 0x00000003
		mem[ 3 ] 0x00840011
		mem[ 4 ] 0x00850012
		mem[ 5 ] 0x01250008
		mem[ 6 ] 0x00520006
		mem[ 7 ] 0x00640007
		mem[ 8 ] 0x00770006
		mem[ 9 ] 0x01300001
		mem[ 10 ] 0x000B0003
		mem[ 11 ] 0x00090001
		mem[ 12 ] 0x00240004
		mem[ 13 ] 0x0100FFF7
		mem[ 14 ] 0x01800000
		mem[ 15 ] 0x0000183B
		mem[ 16 ] 0x00000595
		mem[ 17 ] 0x00000001
		mem[ 18 ] 0x00008000
	registers:
		reg[ 0 ] 0
		reg[ 1 ] 198496
		reg[ 2 ] 1429
		reg[ 3 ] 130263
		reg[ 4 ] 32
		reg[ 5 ] 32768
		reg[ 6 ] -1430
		reg[ 7 ] -17
end state

@@@
state:
	pc 8
	memory:
		mem[ 0 ] 0x0081000F
		mem[ 1 ] 0x00820010
		mem[ 2 ] 0x00000003
		mem[ 3 ] 0x00840011
		mem[ 4 ] 0x00850012
		mem[ 5 ] 0x01250008
		mem[ 6 ] 0x00520006
		mem[ 7 ] 0x00640007
		mem[ 8 ] 0x00770006
		mem[ 9 ] 0x01300001
		mem[ 10 ] 0x000B0003
		mem[ 11 ] 0x00090001
		mem[ 12 ] 0x00240004
		mem[ 13 ] 0x0100FFF7
		mem[ 14 ] 0x01800000
		mem[ 15 ] 0x0000183B
		mem[ 16 ] 0x00000595
		mem[ 17 ] 0x00000001
		mem[ 18 ] 0x00008000
	registers:
		reg[ 0 ] 0
		reg[ 1 ] 198496
		reg[ 2 ] 1429
		reg[ 3 ] 130263
		reg[ 4 ] 32
		reg[ 5 ] 32768
		reg[ 6 ] -1430
		reg[ 7 ] -33
end state

@@@
state:
	pc 9
	memory:
		mem[ 0 ] 0x0081000F
		mem[ 1 ] 0x00820010
		mem[ 2 ] 0x00000003
		mem[ 3 ] 0x00840011
		mem[ 4 ] 0x00850012
		mem[ 5 ] 0x01250008
		mem[ 6 ] 0x00520006
		mem[ 7 ] 0x00640007
		mem[ 8 ] 0x00770006
		mem[ 9 ] 0x01300001
		mem[ 10 ] 0x000B0003
		mem[ 11 ] 0x00090001
		mem[ 12 ] 0x00240004
		mem[ 13 ] 0x0100FFF7
		mem[ 14 ] 0x01800000
		mem[ 15 ] 0x0000183B
		mem[ 16 ] 0x00000595
		mem[ 17 ] 0x00000001
		mem[ 18 ] 0x00008000
	registers:
		reg[ 0 ] 0
		reg[ 1 ] 198496
		reg[ 2 ] 1429
		reg[ 3 ] 130263
		reg[ 4 ] 32
		reg[ 5 ] 32768
		reg[ 6 ] 0
		reg[ 7 ] -33
end state

@@@
state:
	pc 11
	memory:
		mem[ 0 ] 0x0081000F
		mem[ 1 ] 0x00820010
		mem[ 2 ] 0x00000003
		mem[ 3 ] 0x00840011
		mem[ 4 ] 0x00850012
		mem[ 5 ] 0x01250008
		mem[ 6 ] 0x00520006
		mem[ 7 ] 0x00640007
		mem[ 8 ] 0x00770006
		mem[ 9 ] 0x01300001
		mem[ 10 ] 0x000B0003
		mem[ 11 ] 0x00090001
		mem[ 12 ] 0x00240004
		mem[ 13 ] 0x0100FFF7
		mem[ 14 ] 0x01800000
		mem[ 15 ] 0x0000183B
		mem[ 16 ] 0x00000595
		mem[ 17 ] 0x00000001
		mem[ 18 ] 0x00008000
	registers:
		reg[ 0 ] 0
		reg[ 1 ] 198496
		reg[ 2 ] 1429
		reg[ 3 ] 130263
		reg[ 4 ] 32
		reg[ 5 ] 32768
		reg[ 6 ] 0
		reg[ 7 ] -33
end state

@@@
state:
	pc 12
	memory:
		mem[ 0 ] 0x0081000F
		mem[ 1 ] 0x00820010
		mem[ 2 ] 0x00000003
		mem[ 3 ] 0x00840011
		mem[ 4 ] 0x00850012
		mem[ 5 ] 0x01250008
		mem[ 6 ] 0x00520006
		mem[ 7 ] 0x00640007
		mem[ 8 ] 0x00770006
		mem[ 9 ] 0x01300001
		mem[ 10 ] 0x000B0003
		mem[ 11 ] 0x00090001
		mem[ 12 ] 0x00240004
		mem[ 13 ] 0x0100FFF7
		mem[ 14 ] 0x01800000
		mem[ 15 ] 0x0000183B
		mem[ 16 ] 0x00000595
		mem[ 17 ] 0x00000001
		mem[ 18 ] 0x00008000
	registers:
		reg[ 0 ] 0
		reg[ 1 ] 396992
		reg[ 2 ] 1429
		reg[ 3 ] 130263
		reg[ 4 ] 32
		reg[ 5 ] 32768
		reg[ 6 ] 0
		reg[ 7 ] -33
end state

@@@
state:
	pc 13
	memory:
		mem[ 0 ] 0x0081000F
		mem[ 1 ] 0x00820010
		mem[ 2 ] 0x00000003
		mem[ 3 ] 0x00840011
		mem[ 4 ] 0x00850012
		mem[ 5 ] 0x01250008
		mem[ 6 ] 0x00520006
		mem[ 7 ] 0x00640007
		mem[ 8 ] 0x00770006
		mem[ 9 ] 0x01300001
		mem[ 10 ] 0x000B0003
		mem[ 11 ] 0x00090001
		mem[ 12 ] 0x00240004
		mem[ 13 ] 0x0100FFF7
		mem[ 14 ] 0x01800000
		mem[ 15 ] 0x0000183B
		mem[ 16 ] 0x00000595
		mem[ 17 ] 0x00000001
		mem[ 18 ] 0x00008000
	registers:
		reg[ 0 ] 0
		reg[ 1 ] 396992
		reg[ 2 ] 1429
		reg[ 3 ] 130263
		reg[ 4 ] 64
		reg[ 5 ] 32768
		reg[ 6 ] 0
		reg[ 7 ] -33
end state

@@@
state:
	pc 5
	memory:
		mem[ 0 ] 0x0081000F
		mem[ 1 ] 0x00820010
		mem[ 2 ] 0x00000003
		mem[ 3 ] 0x00840011
		mem[ 4 ] 0x00850012
		mem[ 5 ] 0x01250008
		mem[ 6 ] 0x00520006
		mem[ 7 ] 0x00640007
		mem[ 8 ] 0x00770006
		mem[ 9 ] 0x01300001
		mem[ 10 ] 0x000B0003
		mem[ 11 ] 0x00090001
		mem[ 12 ] 0x00240004
		mem[ 13 ] 0x0100FFF7
		mem[ 14 ] 0x01800000
		mem[ 15 ] 0x0000183B
		mem[ 16 ] 0x00000595
		mem[ 17 ] 0x00000001
		mem[ 18 ] 0x00008000
	registers:
		reg[ 0 ] 0
		reg[ 1 ] 396992
		reg[ 2 ] 1429
		reg[ 3 ] 130263
		reg[ 4 ] 64
		reg[ 5 ] 32768
		reg[ 6 ] 0
		reg[ 7 ] -33
end state

@@@
state:
	pc 6
	memory:
		mem[ 0 ] 0x0081000F
		mem[ 1 ] 0x00820010
		mem[ 2 ] 0x00000003
		mem[ 3 ] 0x00840011
		mem[ 4 ] 0x00850012
		mem[ 5 ] 0x01250008
		mem[ 6 ] 0x00520006
		mem[ 7 ] 0x00640007
		mem[ 8 ] 0x00770006
		mem[ 9 ] 0x01300001
		mem[ 10 ] 0x000B0003
		mem[ 11 ] 0x00090001
		mem[ 12 ] 0x00240004
		mem[ 13 ] 0x0100FFF7
		mem[ 14 ] 0x01800000
		mem[ 15 ] 0x0000183B
		mem[ 16 ] 0x00000595
		mem[ 17 ] 0x00000001
		mem[ 18 ] 0x00008000
	registers:
		reg[ 0 ] 0
		reg[ 1 ] 396992
		reg[ 2 ] 1429
		reg[ 3 ] 130263
		reg[ 4 ] 64
		reg[ 5 ] 32768
		reg[ 6 ] 0
		reg[ 7 ] -33
end state

@@@
state:
	pc 7
	memory:
		mem[ 0 ] 0x0081000F
		mem[ 1 ] 0x00820010
		mem[ 2 ] 0x00000003
		mem[ 3 ] 0x00840011
		mem[ 4 ] 0x00850012
		mem[ 5 ] 0x01250008
		mem[ 6 ] 0x00520006
		mem[ 7 ] 0x00640007
		mem[ 8 ] 0x00770006
		mem[ 9 ] 0x01300001
		mem[ 10 ] 0x000B0003
		mem[ 11 ] 0x00090001
		mem[ 12 ] 0x00240004
		mem[ 13 ] 0x0100FFF7
		mem[ 14 ] 0x01800000
		mem[ 15 ] 0x0000183B
		mem[ 16 ] 0x00000595
		mem[ 17 ] 0x00000001
		mem[ 18 ] 0x00008000
	registers:
		reg[ 0 ] 0
		reg[ 1 ] 396992
		reg[ 2 ] 1429
		reg[ 3 ] 130263
		reg[ 4 ] 64
		reg[ 5 ] 32768
		reg[ 6 ] -1430
		reg[ 7 ] -33
end state

@@@
state:
	pc 8
	memory:
		mem[ 0 ] 0x0081000F
		mem[ 1 ] 0x00820010
		mem[ 2 ] 0x00000003
		mem[ 3 ] 0x00840011
		mem[ 4 ] 0x00850012
		mem[ 5 ] 0x01250008
		mem[ 6 ] 0x00520006
		mem[ 7 ] 0x00640007
		mem[ 8 ] 0x00770006
		mem[ 9 ] 0x01300001
		mem[ 10 ] 0x000B0003
		mem[ 11 ] 0x00090001
		mem[ 12 ] 0x00240004
		mem[ 13 ] 0x0100FFF7
		mem[ 14 ] 0x01800000
		mem[ 15 ] 0x0000183B
		mem[ 16 ] 0x00000595
		mem[ 17 ] 0x00000001
		mem[ 18 ] 0x00008000
	registers:
		reg[ 0 ] 0
		reg[ 1 ] 396992
		reg[ 2 ] 1429
		reg[ 3 ] 130263
		reg[ 4 ] 64
		reg[ 5 ] 32768
		reg[ 6 ] -1430
		reg[ 7 ] -65
end state

@@@
state:
	pc 9
	memory:
		mem[ 0 ] 0x0081000F
		mem[ 1 ] 0x00820010
		mem[ 2 ] 0x00000003
		mem[ 3 ] 0x00840011
		mem[ 4 ] 0x00850012
		mem[ 5 ] 0x01250008
		mem[ 6 ] 0x00520006
		mem[ 7 ] 0x00640007
		mem[ 8 ] 0x00770006
		mem[ 9 ] 0x01300001
		mem[ 10 ] 0x000B0003
		mem[ 11 ] 0x00090001
		mem[ 12 ] 0x00240004
		mem[ 13 ] 0x0100FFF7
		mem[ 14 ] 0x01800000
		mem[ 15 ] 0x0000183B
		mem[ 16 ] 0x00000595
		mem[ 17 ] 0x00000001
		mem[ 18 ] 0x00008000
	registers:
		reg[ 0 ] 0
		reg[ 1 ] 396992
		reg[ 2 ] 1429
		reg[ 3 ] 130263
		reg[ 4 ] 64
		reg[ 5 ] 32768
		reg[ 6 ] 0
		reg[ 7 ] -65
end state

@@@
state:
	pc 11
	memory:
		mem[ 0 ] 0x0081000F
		mem[ 1 ] 0x00820010
		mem[ 2 ] 0x00000003
		mem[ 3 ] 0x00840011
		mem[ 4 ] 0x00850012
		mem[ 5 ] 0x01250008
		mem[ 6 ] 0x00520006
		mem[ 7 ] 0x00640007
		mem[ 8 ] 0x00770006
		mem[ 9 ] 0x01300001
		mem[ 10 ] 0x000B0003
		mem[ 11 ] 0x00090001
		mem[ 12 ] 0x00240004
		mem[ 13 ] 0x0100FFF7
		mem[ 14 ] 0x01800000
		mem[ 15 ] 0x0000183B
		mem[ 16 ] 0x00000595
		mem[ 17 ] 0x00000001
		mem[ 18 ] 0x00008000
	registers:
		reg[ 0 ] 0
		reg[ 1 ] 396992
		reg[ 2 ] 1429
		reg[ 3 ] 130263
		reg[ 4 ] 64
		reg[ 5 ] 32768
		reg[ 6 ] 0
		reg[ 7 ] -65
end state

@@@
state:
	pc 12
	memory:
		mem[ 0 ] 0x0081000F
		mem[ 1 ] 0x00820010
		mem[ 2 ] 0x00000003
		mem[ 3 ] 0x00840011
		mem[ 4 ] 0x00850012
		mem[ 5 ] 0x01250008
		mem[ 6 ] 0x00520006
		mem[ 7 ] 0x00640007
		mem[ 8 ] 0x00770006
		mem[ 9 ] 0x01300001
		mem[ 10 ] 0x000B0003
		mem[ 11 ] 0x00090001
		mem[ 12 ] 0x00240004
		mem[ 13 ] 0x0100FFF7
		mem[ 14 ] 0x01800000
		mem[ 15 ] 0x0000183B
		mem[ 16 ] 0x00000595
		mem[ 17 ] 0x00000001
		mem[ 18 ] 0x00008000
	registers:
		reg[ 0 ] 0
		reg[ 1 ] 793984
		reg[ 2 ] 1429
		reg[ 3 ] 130263
		reg[ 4 ] 64
		reg[ 5 ] 32768
		reg[ 6 ] 0
		reg[ 7 ] -65
end state

@@@
state:
	pc 13
	memory:
		mem[ 0 ] 0x0081000F
		mem[ 1 ] 0x00820010
		mem[ 2 ] 0x00000003
		mem[ 3 ] 0x00840011
		mem[ 4 ] 0x00850012
		mem[ 5 ] 0x01250008
		mem[ 6 ] 0x00520006
		mem[ 7 ] 0x00640007
		mem[ 8 ] 0x00770006
		mem[ 9 ] 0x01300001
		mem[ 10 ] 0x000B0003
		mem[ 11 ] 0x00090001
		mem[ 12 ] 0x00240004
		mem[ 13 ] 0x0100FFF7
		mem[ 14 ] 0x01800000
		mem[ 15 ] 0x0000183B
		mem[ 16 ] 0x00000595
		mem[ 17 ] 0x00000001
		mem[ 18 ] 0x00008000
	registers:
		reg[ 0 ] 0
		reg[ 1 ] 793984
		reg[ 2 ] 1429
		reg[ 3 ] 130263
		reg[ 4 ] 128
		reg[ 5 ] 32768
		reg[ 6 ] 0
		reg[ 7 ] -65
end state

@@@
state:
	pc 5
	memory:
		mem[ 0 ] 0x0081000F
		mem[ 1 ] 0x00820010
		mem[ 2 ] 0x00000003
		mem[ 3 ] 0x00840011
		mem[ 4 ] 0x00850012
		mem[ 5 ] 0x01250008
		mem[ 6 ] 0x00520006
		mem[ 7 ] 0x00640007
		mem[ 8 ] 0x00770006
		mem[ 9 ] 0x01300001
		mem[ 10 ] 0x000B0003
		mem[ 11 ] 0x00090001
		mem[ 12 ] 0x00240004
		mem[ 13 ] 0x0100FFF7
		mem[ 14 ] 0x01800000
		mem[ 15 ] 0x0000183B
		mem[ 16 ] 0x00000595
		mem[ 17 ] 0x00000001
		mem[ 18 ] 0x00008000
	registers:
		reg[ 0 ] 0
		reg[ 1 ] 793984
		reg[ 2 ] 1429
		reg[ 3 ] 130263
		reg[ 4 ] 128
		reg[ 5 ] 32768
		reg[ 6 ] 0
		reg[ 7 ] -65
end state

@@@
state:
	pc 6
	memory:
		mem[ 0 ] 0x0081000F
		mem[ 1 ] 0x00820010
		mem[ 2 ] 0x00000003
		mem[ 3 ] 0x00840011
		mem[ 4 ] 0x00850012
		mem[ 5 ] 0x01250008
		mem[ 6 ] 0x00520006
		mem[ 7 ] 0x00640007
		mem[ 8 ] 0x00770006
		mem[ 9 ] 0x01300001
		mem[ 10 ] 0x000B0003
		mem[ 11 ] 0x00090001
		mem[ 12 ] 0x00240004
		mem[ 13 ] 0x0100FFF7
		mem[ 14 ] 0x01800000
		mem[ 15 ] 0x0000183B
		mem[ 16 ] 0x00000595
		mem[ 17 ] 0x00000001
		mem[ 18 ] 0x00008000
	registers:
		reg[ 0 ] 0
		reg[ 1 ] 793984
		reg[ 2 ] 1429
		reg[ 3 ] 130263
		reg[ 4 ] 128
		reg[ 5 ] 32768
		reg[ 6 ] 0
		reg[ 7 ] -65
end state

@@@
state:
	pc 7
	memory:
		mem[ 0 ] 0x0081000F
		mem[ 1 ] 0x00820010
		mem[ 2 ] 0x00000003
		mem[ 3 ] 0x00840011
		mem[ 4 ] 0x00850012
		mem[ 5 ] 0x01250008
		mem[ 6 ] 0x00520006
		mem[ 7 ] 0x00640007
		mem[ 8 ] 0x00770006
		mem[ 9 ] 0x01300001
		mem[ 10 ] 0x000B0003
		mem[ 11 ] 0x00090001
		mem[ 12 ] 0x00240004
		mem[ 13 ] 0x0100FFF7
		mem[ 14 ] 0x01800000
		mem[ 15 ] 0x0000183B
		mem[ 16 ] 0x00000595
		mem[ 17 ] 0x00000001
		mem[ 18 ] 0x00008000
	registers:
		reg[ 0 ] 0
		reg[ 1 ] 793984
		reg[ 2 ] 1429
		reg[ 3 ] 130263
		reg[ 4 ] 128
		reg[ 5 ] 32768
		reg[ 6 ] -1430
		reg[ 7 ] -65
end state

@@@
state:
	pc 8
	memory:
		mem[ 0 ] 0x0081000F
		mem[ 1 ] 0x00820010
		mem[ 2 ] 0x00000003
		mem[ 3 ] 0x00840011
		mem[ 4 ] 0x00850012
		mem[ 5 ] 0x01250008
		mem[ 6 ] 0x00520006
		mem[ 7 ] 0x00640007
		mem[ 8 ] 0x00770006
		mem[ 9 ] 0x01300001
		mem[ 10 ] 0x000B0003
		mem[ 11 ] 0x00090001
		mem[ 12 ] 0x00240004
		mem[ 13 ] 0x0100FFF7
		mem[ 14 ] 0x01800000
		mem[ 15 ] 0x0000183B
		mem[ 16 ] 0x00000595
		mem[ 17 ] 0x00000001
		mem[ 18 ] 0x00008000
	registers:
		reg[ 0 ] 0
		reg[ 1 ] 793984
		reg[ 2 ] 1429
		reg[ 3 ] 130263
		reg[ 4 ] 128
		reg[ 5 ] 32768
		reg[ 6 ] -1430
		reg[ 7 ] -129
end state

@@@
state:
	pc 9
	memory:
		mem[ 0 ] 0x0081000F
		mem[ 1 ] 0x00820010
		mem[ 2 ] 0x00000003
		mem[ 3 ] 0x00840011
		mem[ 4 ] 0x00850012
		mem[ 5 ] 0x01250008
		mem[ 6 ] 0x00520006
		mem[ 7 ] 0x00640007
		mem[ 8 ] 0x00770006
		mem[ 9 ] 0x01300001
		mem[ 10 ] 0x000B0003
		mem[ 11 ] 0x00090001
		mem[ 12 ] 0x00240004
		mem[ 13 ] 0x0100FFF7
		mem[ 14 ] 0x01800000
		mem[ 15 ] 0x0000183B
		mem[ 16 ] 0x00000595
		mem[ 17 ] 0x00000001
		mem[ 18 ] 0x00008000
	registers:
		reg[ 0 ] 0
		reg[ 1 ] 793984
		reg[ 2 ] 1429
		reg[ 3 ] 130263
		reg[ 4 ] 128
		reg[ 5 ] 32768
		reg[ 6 ] 128
		reg[ 7 ] -129
end state

@@@
state:
	pc 10
	memory:
		mem[ 0 ] 0x0081000F
		mem[ 1 ] 0x00820010
		mem[ 2 ] 0x00000003
		mem[ 3 ] 0x00840011
		mem[ 4 ] 0x00850012
		mem[ 5 ] 0x01250008
		mem[ 6 ] 0x00520006
		mem[ 7 ] 0x00640007
		mem[ 8 ] 0x00770006
		mem[ 9 ] 0x01300001
		mem[ 10 ] 0x000B0003
		mem[ 11 ] 0x00090001
		mem[ 12 ] 0x00240004
		mem[ 13 ] 0x0100FFF7
		mem[ 14 ] 0x01800000
		mem[ 15 ] 0x0000183B
		mem[ 16 ] 0x00000595
		mem[ 17 ] 0x00000001
		mem[ 18 ] 0x00008000
	registers:
		reg[ 0 ] 0
		reg[ 1 ] 793984
		reg[ 2 ] 1429
		reg[ 3 ] 130263
		reg[ 4 ] 128
		reg[ 5 ] 32768
		reg[ 6 ] 128
		reg[ 7 ] -129
end state

@@@
state:
	pc 11
	memory:
		mem[ 0 ] 0x0081000F
		mem[ 1 ] 0x00820010
		mem[ 2 ] 0x00000003
		mem[ 3 ] 0x00840011
		mem[ 4 ] 0x00850012
		mem[ 5 ] 0x01250008
		mem[ 6 ] 0x00520006
		mem[ 7 ] 0x00640007
		mem[ 8 ] 0x00770006
		mem[ 9 ] 0x01300001
		mem[ 10 ] 0x000B0003
		mem[ 11 ] 0x00090001
		mem[ 12 ] 0x00240004
		mem[ 13 ] 0x0100FFF7
		mem[ 14 ] 0x01800000
		mem[ 15 ] 0x0000183B
		mem[ 16 ] 0x00000595
		mem[ 17 ] 0x00000001
		mem[ 18 ] 0x00008000
	registers:
		reg[ 0 ] 0
		reg[ 1 ] 793984
		reg[ 2 ] 1429
		reg[ 3 ] 924247
		reg[ 4 ] 128
		reg[ 5 ] 32768
		reg[ 6 ] 128
		reg[ 7 ] -129
end state

@@@
state:
	pc 12
	memory:
		mem[ 0 ] 0x0081000F
		mem[ 1 ] 0x00820010
		mem[ 2 ] 0x00000003
		mem[ 3 ] 0x00840011
		mem[ 4 ] 0x00850012
		mem[ 5 ] 0x01250008
		mem[ 6 ] 0x00520006
		mem[ 7 ] 0x00640007
		mem[ 8 ] 0x00770006
		mem[ 9 ] 0x01300001
		mem[ 10 ] 0x000B0003
		mem[ 11 ] 0x00090001
		mem[ 12 ] 0x00240004
		mem[ 13 ] 0x0100FFF7
		mem[ 14 ] 0x01800000
		mem[ 15 ] 0x0000183B
		mem[ 16 ] 0x00000595
		mem[ 17 ] 0x00000001
		mem[ 18 ] 0x00008000
	registers:
		reg[ 0 ] 0
		reg[ 1 ] 1587968
		reg[ 2 ] 1429
		reg[ 3 ] 924247
		reg[ 4 ] 128
		reg[ 5 ] 32768
		reg[ 6 ] 128
		reg[ 7 ] -129
end state

@@@
state:
	pc 13
	memory:
		mem[ 0 ] 0x0081000F
		mem[ 1 ] 0x00820010
		mem[ 2 ] 0x00000003
		mem[ 3 ] 0x00840011
		mem[ 4 ] 0x00850012
		mem[ 5 ] 0x01250008
		mem[ 6 ] 0x00520006
		mem[ 7 ] 0x00640007
		mem[ 8 ] 0x00770006
		mem[ 9 ] 0x01300001
		mem[ 10 ] 0x000B0003
		mem[ 11 ] 0x00090001
		mem[ 12 ] 0x00240004
		mem[ 13 ] 0x0100FFF7
		mem[ 14 ] 0x01800000
		mem[ 15 ] 0x0000183B
		mem[ 16 ] 0x00000595
		mem[ 17 ] 0x00000001
		mem[ 18 ] 0x00008000
	registers:
		reg[ 0 ] 0
		reg[ 1 ] 1587968
		reg[ 2 ] 1429
		reg[ 3 ] 924247
		reg[ 4 ] 256
		reg[ 5 ] 32768
		reg[ 6 ] 128
		reg[ 7 ] -129
end state

@@@
state:
	pc 5
	memory:
		mem[ 0 ] 0x0081000F
		mem[ 1 ] 0x00820010
		mem[ 2 ] 0x00000003
		mem[ 3 ] 0x00840011
		mem[ 4 ] 0x00850012
		mem[ 5 ] 0x01250008
		mem[ 6 ] 0x00520006
		mem[ 7 ] 0x00640007
		mem[ 8 ] 0x00770006
		mem[ 9 ] 0x01300001
		mem[ 10 ] 0x000B0003
		mem[ 11 ] 0x00090001
		mem[ 12 ] 0x00240004
		mem[ 13 ] 0x0100FFF7
		mem[ 14 ] 0x01800000
		mem[ 15 ] 0x0000183B
		mem[ 16 ] 0x00000595
		mem[ 17 ] 0x00000001
		mem[ 18 ] 0x00008000
	registers:
		reg[ 0 ] 0
		reg[ 1 ] 1587968
		reg[ 2 ] 1429
		reg[ 3 ] 924247
		reg[ 4 ] 256
		reg[ 5 ] 32768
		reg[ 6 ] 128
		reg[ 7 ] -129
end state

@@@
state:
	pc 6
	memory:
		mem[ 0 ] 0x0081000F
		mem[ 1 ] 0x00820010
		mem[ 2 ] 0x00000003
		mem[ 3 ] 0x00840011
		mem[ 4 ] 0x00850012
		mem[ 5 ] 0x01250008
		mem[ 6 ] 0x00520006
		mem[ 7 ] 0x00640007
		mem[ 8 ] 0x00770006
		mem[ 9 ] 0x01300001
		mem[ 10 ] 0x000B0003
		mem[ 11 ] 0x00090001
		mem[ 12 ] 0x00240004
		mem[ 13 ] 0x0100FFF7
		mem[ 14 ] 0x01800000
		mem[ 15 ] 0x0000183B
		mem[ 16 ] 0x00000595
		mem[ 17 ] 0x00000001
		mem[ 18 ] 0x00008000
	registers:
		reg[ 0 ] 0
		reg[ 1 ] 1587968
		reg[ 2 ] 1429
		reg[ 3 ] 924247
		reg[ 4 ] 256
		reg[ 5 ] 32768
		reg[ 6 ] 128
		reg[ 7 ] -129
end state

@@@
state:
	pc 7
	memory:
		mem[ 0 ] 0x0081000F
		mem[ 1 ] 0x00820010
		mem[ 2 ] 0x00000003
		mem[ 3 ] 0x00840011
		mem[ 4 ] 0x00850012
		mem[ 5 ] 0x01250008
		mem[ 6 ] 0x00520006
		mem[ 7 ] 0x00640007
		mem[ 8 ] 0x00770006
		mem[ 9 ] 0x01300001
		mem[ 10 ] 0x000B0003
		mem[ 11 ] 0x00090001
		mem[ 12 ] 0x00240004
		mem[ 13 ] 0x0100FFF7
		mem[ 14 ] 0x01800000
		mem[ 15 ] 0x0000183B
		mem[ 16 ] 0x00000595
		mem[ 17 ] 0x00000001
		mem[ 18 ] 0x00008000
	registers:
		reg[ 0 ] 0
		reg[ 1 ] 1587968
		reg[ 2 ] 1429
		reg[ 3 ] 924247
		reg[ 4 ] 256
		reg[ 5 ] 32768
		reg[ 6 ] -1430
		reg[ 7 ] -129
end state

@@@
state:
	pc 8
	memory:
		mem[ 0 ] 0x0081000F
		mem[ 1 ] 0x00820010
		mem[ 2 ] 0x00000003
		mem[ 3 ] 0x00840011
		mem[ 4 ] 0x00850012
		mem[ 5 ] 0x01250008
		mem[ 6 ] 0x00520006
		mem[ 7 ] 0x00640007
		mem[ 8 ] 0x00770006
		mem[ 9 ] 0x01300001
		mem[ 10 ] 0x000B0003
		mem[ 11 ] 0x00090001
		mem[ 12 ] 0x00240004
		mem[ 13 ] 0x0100FFF7
		mem[ 14 ] 0x01800000
		mem[ 15 ] 0x0000183B
		mem[ 16 ] 0x00000595
		mem[ 17 ] 0x00000001
		mem[ 18 ] 0x00008000
	registers:
		reg[ 0 ] 0
		reg[ 1 ] 1587968
		reg[ 2 ] 1429
		reg[ 3 ] 924247
		reg[ 4 ] 256
		reg[ 5 ] 32768
		reg[ 6 ] -1430
		reg[ 7 ] -257
end state

@@@
state:
	pc 9
	memory:
		mem[ 0 ] 0x0081000F
		mem[ 1 ] 0x00820010
		mem[ 2 ] 0x00000003
		mem[ 3 ] 0x00840011
		mem[ 4 ] 0x00850012
		mem[ 5 ] 0x01250008
		mem[ 6 ] 0x00520006
		mem[ 7 ] 0x00640007
		mem[ 8 ] 0x00770006
		mem[ 9 ] 0x01300001
		mem[ 10 ] 0x000B0003
		mem[ 11 ] 0x00090001
		mem[ 12 ] 0x00240004
		mem[ 13 ] 0x0100FFF7
		mem[ 14 ] 0x01800000
		mem[ 15 ] 0x0000183B
		mem[ 16 ] 0x00000595
		mem[ 17 ] 0x00000001
		mem[ 18 ] 0x00008000
	registers:
		reg[ 0 ] 0
		reg[ 1 ] 1587968
		reg[ 2 ] 1429
		reg[ 3 ] 924247
		reg[ 4 ] 256
		reg[ 5 ] 32768
		reg[ 6 ] 256
		reg[ 7 ] -257
end state

@@@
state:
	pc 10
	memory:
		mem[ 0 ] 0x0081000F
		mem[ 1 ] 0x00820010
		mem[ 2 ] 0x00000003
		mem[ 3 ] 0x00840011
		mem[ 4 ] 0x00850012
		mem[ 5 ] 0x01250008
		mem[ 6 ] 0x00520006
		mem[ 7 ] 0x00640007
		mem[ 8 ] 0x00770006
		mem[ 9 ] 0x01300001
		mem[ 10 ] 0x000B0003
		mem[ 11 ] 0x00090001
		mem[ 12 ] 0x00240004
		mem[ 13 ] 0x0100FFF7
		mem[ 14 ] 0x01800000
		mem[ 15 ] 0x0000183B
		mem[ 16 ] 0x00000595
		mem[ 17 ] 0x00000001
		mem[ 18 ] 0x00008000
	registers:
		reg[ 0 ] 0
		reg[ 1 ] 1587968
		reg[ 2 ] 1429
		reg[ 3 ] 924247
		reg[ 4 ] 256
		reg[ 5 ] 32768
		reg[ 6 ] 256
		reg[ 7 ] -257
end state

@@@
state:
	pc 11
	memory:
		mem[ 0 ] 0x0081000F
		mem[ 1 ] 0x00820010
		mem[ 2 ] 0x00000003
		mem[ 3 ] 0x00840011
		mem[ 4 ] 0x00850012
		mem[ 5 ] 0x01250008
		mem[ 6 ] 0x00520006
		mem[ 7 ] 0x00640007
		mem[ 8 ] 0x00770006
		mem[ 9 ] 0x01300001
		mem[ 10 ] 0x000B0003
		mem[ 11 ] 0x00090001
		mem[ 12 ] 0x00240004
		mem[ 13 ] 0x0100FFF7
		mem[ 14 ] 0x01800000
		mem[ 15 ] 0x0000183B
		mem[ 16 ] 0x00000595
		mem[ 17 ] 0x00000001
		mem[ 18 ] 0x00008000
	registers:
		reg[ 0 ] 0
		reg[ 1 ] 1587968
		reg[ 2 ] 1429
		reg[ 3 ] 2512215
		reg[ 4 ] 256
		reg[ 5 ] 32768
		reg[ 6 ] 256
		reg[ 7 ] -257
end state

@@@
state:
	pc 12
	memory:
		mem[ 0 ] 0x0081000F
		mem[ 1 ] 0x00820010
		mem[ 2 ] 0x00000003
		mem[ 3 ] 0x00840011
		mem[ 4 ] 0x00850012
		mem[ 5 ] 0x01250008
		mem[ 6 ] 0x00520006
		mem[ 7 ] 0x00640007
		mem[ 8 ] 0x00770006
		mem[ 9 ] 0x01300001
		mem[ 10 ] 0x000B0003
		mem[ 11 ] 0x00090001
		mem[ 12 ] 0x00240004
		mem[ 13 ] 0x0100FFF7
		mem[ 14 ] 0x01800000
		mem[ 15 ] 0x0000183B
		mem[ 16 ] 0x00000595
		mem[ 17 ] 0x00000001
		mem[ 18 ] 0x00008000
	registers:
		reg[ 0 ] 0
		reg[ 1 ] 3175936
		reg[ 2 ] 1429
		reg[ 3 ] 2512215
		reg[ 4 ] 256
		reg[ 5 ] 32768
		reg[ 6 ] 256
		reg[ 7 ] -257
end state

@@@
state:
	pc 13
	memory:
		mem[ 0 ] 0x0081000F
		mem[ 1 ] 0x00820010
		mem[ 2 ] 0x00000003
		mem[ 3 ] 0x00840011
		mem[ 4 ] 0x00850012
		mem[ 5 ] 0x01250008
		mem[ 6 ] 0x00520006
		mem[ 7 ] 0x00640007
		mem[ 8 ] 0x00770006
		mem[ 9 ] 0x01300001
		mem[ 10 ] 0x000B0003
		mem[ 11 ] 0x00090001
		mem[ 12 ] 0x00240004
		mem[ 13 ] 0x0100FFF7
		mem[ 14 ] 0x01800000
		mem[ 15 ] 0x0000183B
		mem[ 16 ] 0x00000595
		mem[ 17 ] 0x00000001
		mem[ 18 ] 0x00008000
	registers:
		reg[ 0 ] 0
		reg[ 1 ] 3175936
		reg[ 2 ] 1429
		reg[ 3 ] 2512215
		reg[ 4 ] 512
		reg[ 5 ] 32768
		reg[ 6 ] 256
		reg[ 7 ] -257
end state

@@@
state:
	pc 5
	memory:
		mem[ 0 ] 0x0081000F
		mem[ 1 ] 0x00820010
		mem[ 2 ] 0x00000003
		mem[ 3 ] 0x00840011
		mem[ 4 ] 0x00850012
		mem[ 5 ] 0x01250008
		mem[ 6 ] 0x00520006
		mem[ 7 ] 0x00640007
		mem[ 8 ] 0x00770006
		mem[ 9 ] 0x01300001
		mem[ 10 ] 0x000B0003
		mem[ 11 ] 0x00090001
		mem[ 12 ] 0x00240004
		mem[ 13 ] 0x0100FFF7
		mem[ 14 ] 0x01800000
		mem[ 15 ] 0x0000183B
		mem[ 16 ] 0x00000595
		mem[ 17 ] 0x00000001
		mem[ 18 ] 0x00008000
	registers:
		reg[ 0 ] 0
		reg[ 1 ] 3175936
		reg[ 2 ] 1429
		reg[ 3 ] 2512215
		reg[ 4 ] 512
		reg[ 5 ] 32768
		reg[ 6 ] 256
		reg[ 7 ] -257
end state

@@@
state:
	pc 6
	memory:
		mem[ 0 ] 0x0081000F
		mem[ 1 ] 0x00820010
		mem[ 2 ] 0x00000003
		mem[ 3 ] 0x00840011
		mem[ 4 ] 0x00850012
		mem[ 5 ] 0x01250008
		mem[ 6 ] 0x00520006
		mem[ 7 ] 0x00640007
		mem[ 8 ] 0x00770006
		mem[ 9 ] 0x01300001
		mem[ 10 ] 0x000B0003
		mem[ 11 ] 0x00090001
		mem[ 12 ] 0x00240004
		mem[ 13 ] 0x0100FFF7
		mem[ 14 ] 0x01800000
		mem[ 15 ] 0x0000183B
		mem[ 16 ] 0x00000595
		mem[ 17 ] 0x00000001
		mem[ 18 ] 0x00008000
	registers:
		reg[ 0 ] 0
		reg[ 1 ] 3175936
		reg[ 2 ] 1429
		reg[ 3 ] 2512215
		reg[ 4 ] 512
		reg[ 5 ] 32768
		reg[ 6 ] 256
		reg[ 7 ] -257
end state

@@@
state:
	pc 7
	memory:
		mem[ 0 ] 0x0081000F
		mem[ 1 ] 0x00820010
		mem[ 2 ] 0x00000003
		mem[ 3 ] 0x00840011
		mem[ 4 ] 0x00850012
		mem[ 5 ] 0x01250008
		mem[ 6 ] 0x00520006
		mem[ 7 ] 0x00640007
		mem[ 8 ] 0x00770006
		mem[ 9 ] 0x01300001
		mem[ 10 ] 0x000B0003
		mem[ 11 ] 0x00090001
		mem[ 12 ] 0x00240004
		mem[ 13 ] 0x0100FFF7
		mem[ 14 ] 0x01800000
		mem[ 15 ] 0x0000183B
		mem[ 16 ] 0x00000595
		mem[ 17 ] 0x00000001
		mem[ 18 ] 0x00008000
	registers:
		reg[ 0 ] 0
		reg[ 1 ] 3175936
		reg[ 2 ] 1429
		reg[ 3 ] 2512215
		reg[ 4 ] 512
		reg[ 5 ] 32768
		reg[ 6 ] -1430
		reg[ 7 ] -257
end state

@@@
state:
	pc 8
	memory:
		mem[ 0 ] 0x0081000F
		mem[ 1 ] 0x00820010
		mem[ 2 ] 0x00000003
		mem[ 3 ] 0x00840011
		mem[ 4 ] 0x00850012
		mem[ 5 ] 0x01250008
		mem[ 6 ] 0x00520006
		mem[ 7 ] 0x00640007
		mem[ 8 ] 0x00770006
		mem[ 9 ] 0x01300001
		mem[ 10 ] 0x000B0003
		mem[ 11 ] 0x00090001
		mem[ 12 ] 0x00240004
		mem[ 13 ] 0x0100FFF7
		mem[ 14 ] 0x01800000
		mem[ 15 ] 0x0000183B
		mem[ 16 ] 0x00000595
		mem[ 17 ] 0x00000001
		mem[ 18 ] 0x00008000
	registers:
		reg[ 0 ] 0
		reg[ 1 ] 3175936
		reg[ 2 ] 1429
		reg[ 3 ] 2512215
		reg[ 4 ] 512
		reg[ 5 ] 32768
		reg[ 6 ] -1430
		reg[ 7 ] -513
end state

@@@
state:
	pc 9
	memory:
		mem[ 0 ] 0x0081000F
		mem[ 1 ] 0x00820010
		mem[ 2 ] 0x00000003
		mem[ 3 ] 0x00840011
		mem[ 4 ] 0x00850012
		mem[ 5 ] 0x01250008
		mem[ 6 ] 0x00520006
		mem[ 7 ] 0x00640007
		mem[ 8 ] 0x00770006
		mem[ 9 ] 0x01300001
		mem[ 10 ] 0x000B0003
		mem[ 11 ] 0x00090001
		mem[ 12 ] 0x00240004
		mem[ 13 ] 0x0100FFF7
		mem[ 14 ] 0x01800000
		mem[ 15 ] 0x0000183B
		mem[ 16 ] 0x00000595
		mem[ 17 ] 0x00000001
		mem[ 18 ] 0x00008000
	registers:
		reg[ 0 ] 0
		reg[ 1 ] 3175936
		reg[ 2 ] 1429
		reg[ 3 ] 2512215
		reg[ 4 ] 512
		reg[ 5 ] 32768
		reg[ 6 ] 0
		reg[ 7 ] -513
end state

@@@
state:
	pc 11
	memory:
		mem[ 0 ] 0x0081000F
		mem[ 1 ] 0x00820010
		mem[ 2 ] 0x00000003
		mem[ 3 ] 0x00840011
		mem[ 4 ] 0x00850012
		mem[ 5 ] 0x01250008
		mem[ 6 ] 0x00520006
		mem[ 7 ] 0x00640007
		mem[ 8 ] 0x00770006
		mem[ 9 ] 0x01300001
		mem[ 10 ] 0x000B0003
		mem[ 11 ] 0x00090001
		mem[ 12 ] 0x00240004
		mem[ 13 ] 0x0100FFF7
		mem[ 14 ] 0x01800000
		mem[ 15 ] 0x0000183B
		mem[ 16 ] 0x00000595
		mem[ 17 ] 0x00000001
		mem[ 18 ] 0x00008000
	registers:
		reg[ 0 ] 0
		reg[ 1 ] 3175936
		reg[ 2 ] 1429
		reg[ 3 ] 2512215
		reg[ 4 ] 512
		reg[ 5 ] 32768
		reg[ 6 ] 0
		reg[ 7 ] -513
end state

@@@
state:
	pc 12
	memory:
		mem[ 0 ] 0x0081000F
		mem[ 1 ] 0x00820010
		mem[ 2 ] 0x00000003
		mem[ 3 ] 0x00840011
		mem[ 4 ] 0x00850012
		mem[ 5 ] 0x01250008
		mem[ 6 ] 0x00520006
		mem[ 7 ] 0x00640007
		mem[ 8 ] 0x00770006
		mem[ 9 ] 0x01300001
		mem[ 10 ] 0x000B0003
		mem[ 11 ] 0x00090001
		mem[ 12 ] 0x00240004
		mem[ 13 ] 0x0100FFF7
		mem[ 14 ] 0x01800000
		mem[ 15 ] 0x0000183B
		mem[ 16 ] 0x00000595
		mem[ 17 ] 0x00000001
		mem[ 18 ] 0x00008000
	registers:
		reg[ 0 ] 0
		reg[ 1 ] 6351872
		reg[ 2 ] 1429
		reg[ 3 ] 2512215
		reg[ 4 ] 512
		reg[ 5 ] 32768
		reg[ 6 ] 0
		reg[ 7 ] -513
end state

@@@
state:
	pc 13
	memory:
		mem[ 0 ] 0x0081000F
		mem[ 1 ] 0x00820010
		mem[ 2 ] 0x00000003
		mem[ 3 ] 0x00840011
		mem[ 4 ] 0x00850012
		mem[ 5 ] 0x01250008
		mem[ 6 ] 0x00520006
		mem[ 7 ] 0x00640007
		mem[ 8 ] 0x00770006
		mem[ 9 ] 0x01300001
		mem[ 10 ] 0x000B0003
		mem[ 11 ] 0x00090001
		mem[ 12 ] 0x00240004
		mem[ 13 ] 0x0100FFF7
		mem[ 14 ] 0x01800000
		mem[ 15 ] 0x0000183B
		mem[ 16 ] 0x00000595
		mem[ 17 ] 0x00000001
		mem[ 18 ] 0x00008000
	registers:
		reg[ 0 ] 0
		reg[ 1 ] 6351872
		reg[ 2 ] 1429
		reg[ 3 ] 2512215
		reg[ 4 ] 1024
		reg[ 5 ] 32768
		reg[ 6 ] 0
		reg[ 7 ] -513
end state

@@@
state:
	pc 5
	memory:
		mem[ 0 ] 0x0081000F
		mem[ 1 ] 0x00820010
		mem[ 2 ] 0x00000003
		mem[ 3 ] 0x00840011
		mem[ 4 ] 0x00850012
		mem[ 5 ] 0x01250008
		mem[ 6 ] 0x00520006
		mem[ 7 ] 0x00640007
		mem[ 8 ] 0x00770006
		mem[ 9 ] 0x01300001
		mem[ 10 ] 0x000B0003
		mem[ 11 ] 0x00090001
		mem[ 12 ] 0x00240004
		mem[ 13 ] 0x0100FFF7
		mem[ 14 ] 0x01800000
		mem[ 15 ] 0x0000183B
		mem[ 16 ] 0x00000595
		mem[ 17 ] 0x00000001
		mem[ 18 ] 0x00008000
	registers:
		reg[ 0 ] 0
		reg[ 1 ] 6351872
		reg[ 2 ] 1429
		reg[ 3 ] 2512215
		reg[ 4 ] 1024
		reg[ 5 ] 32768
		reg[ 6 ] 0
		reg[ 7 ] -513
end state

@@@
state:
	pc 6
	memory:
		mem[ 0 ] 0x0081000F
		mem[ 1 ] 0x00820010
		mem[ 2 ] 0x00000003
		mem[ 3 ] 0x00840011
		mem[ 4 ] 0x00850012
		mem[ 5 ] 0x01250008
		mem[ 6 ] 0x00520006
		mem[ 7 ] 0x00640007
		mem[ 8 ] 0x00770006
		mem[ 9 ] 0x01300001
		mem[ 10 ] 0x000B0003
		mem[ 11 ] 0x00090001
		mem[ 12 ] 0x00240004
		mem[ 13 ] 0x0100FFF7
		mem[ 14 ] 0x01800000
		mem[ 15 ] 0x0000183B
		mem[ 16 ] 0x00000595
		mem[ 17 ] 0x00000001
		mem[ 18 ] 0x00008000
	registers:
		reg[ 0 ] 0
		reg[ 1 ] 6351872
		reg[ 2 ] 1429
		reg[ 3 ] 2512215
		reg[ 4 ] 1024
		reg[ 5 ] 32768
		reg[ 6 ] 0
		reg[ 7 ] -513
end state

@@@
state:
	pc 7
	memory:
		mem[ 0 ] 0x0081000F
		mem[ 1 ] 0x00820010
		mem[ 2 ] 0x00000003
		mem[ 3 ] 0x00840011
		mem[ 4 ] 0x00850012
		mem[ 5 ] 0x01250008
		mem[ 6 ] 0x00520006
		mem[ 7 ] 0x00640007
		mem[ 8 ] 0x00770006
		mem[ 9 ] 0x01300001
		mem[ 10 ] 0x000B0003
		mem[ 11 ] 0x00090001
		mem[ 12 ] 0x00240004
		mem[ 13 ] 0x0100FFF7
		mem[ 14 ] 0x01800000
		mem[ 15 ] 0x0000183B
		mem[ 16 ] 0x00000595
		mem[ 17 ] 0x00000001
		mem[ 18 ] 0x00008000
	registers:
		reg[ 0 ] 0
		reg[ 1 ] 6351872
		reg[ 2 ] 1429
		reg[ 3 ] 2512215
		reg[ 4 ] 1024
		reg[ 5 ] 32768
		reg[ 6 ] -1430
		reg[ 7 ] -513
end state

@@@
state:
	pc 8
	memory:
		mem[ 0 ] 0x0081000F
		mem[ 1 ] 0x00820010
		mem[ 2 ] 0x00000003
		mem[ 3 ] 0x00840011
		mem[ 4 ] 0x00850012
		mem[ 5 ] 0x01250008
		mem[ 6 ] 0x00520006
		mem[ 7 ] 0x00640007
		mem[ 8 ] 0x00770006
		mem[ 9 ] 0x01300001
		mem[ 10 ] 0x000B0003
		mem[ 11 ] 0x00090001
		mem[ 12 ] 0x00240004
		mem[ 13 ] 0x0100FFF7
		mem[ 14 ] 0x01800000
		mem[ 15 ] 0x0000183B
		mem[ 16 ] 0x00000595
		mem[ 17 ] 0x00000001
		mem[ 18 ] 0x00008000
	registers:
		reg[ 0 ] 0
		reg[ 1 ] 6351872
		reg[ 2 ] 1429
		reg[ 3 ] 2512215
		reg[ 4 ] 1024
		reg[ 5 ] 32768
		reg[ 6 ] -1430
		reg[ 7 ] -1025
end state

@@@
state:
	pc 9
	memory:
		mem[ 0 ] 0x0081000F
		mem[ 1 ] 0x00820010
		mem[ 2 ] 0x00000003
		mem[ 3 ] 0x00840011
		mem[ 4 ] 0x00850012
		mem[ 5 ] 0x01250008
		mem[ 6 ] 0x00520006
		mem[ 7 ] 0x00640007
		mem[ 8 ] 0x00770006
		mem[ 9 ] 0x01300001
		mem[ 10 ] 0x000B0003
		mem[ 11 ] 0x00090001
		mem[ 12 ] 0x00240004
		mem[ 13 ] 0x0100FFF7
		mem[ 14 ] 0x01800000
		mem[ 15 ] 0x0000183B
		mem[ 16 ] 0x00000595
		mem[ 17 ] 0x00000001
		mem[ 18 ] 0x00008000
	registers:
		reg[ 0 ] 0
		reg[ 1 ] 6351872
		reg[ 2 ] 1429
		reg[ 3 ] 2512215
		reg[ 4 ] 1024
		reg[ 5 ] 32768
		reg[ 6 ] 1024
		reg[ 7 ] -1025
end state

@@@
state:
	pc 10
	memory:
		mem[ 0 ] 0x0081000F
		mem[ 1 ] 0x00820010
		mem[ 2 ] 0x00000003
		mem[ 3 ] 0x00840011
		mem[ 4 ] 0x00850012
		mem[ 5 ] 0x01250008
		mem[ 6 ] 0x00520006
		mem[ 7 ] 0x00640007
		mem[ 8 ] 0x00770006
		mem[ 9 ] 0x01300001
		mem[ 10 ] 0x000B0003
		mem[ 11 ] 0x00090001
		mem[ 12 ] 0x00240004
		mem[ 13 ] 0x0100FFF7
		mem[ 14 ] 0x01800000
		mem[ 15 ] 0x0000183B
		mem[ 16 ] 0x00000595
		mem[ 17 ] 0x00000001
		mem[ 18 ] 0x00008000
	registers:
		reg[ 0 ] 0
		reg[ 1 ] 6351872
		reg[ 2 ] 1429
		reg[ 3 ] 2512215
		reg[ 4 ] 1024
		reg[ 5 ] 32768
		reg[ 6 ] 1024
		reg[ 7 ] -1025
end state

@@@
state:
	pc 11
	memory:
		mem[ 0 ] 0x0081000F
		mem[ 1 ] 0x00820010
		mem[ 2 ] 0x00000003
		mem[ 3 ] 0x00840011
		mem[ 4 ] 0x00850012
		mem[ 5 ] 0x01250008
		mem[ 6 ] 0x00520006
		mem[ 7 ] 0x00640007
		mem[ 8 ] 0x00770006
		mem[ 9 ] 0x01300001
		mem[ 10 ] 0x000B0003
		mem[ 11 ] 0x00090001
		mem[ 12 ] 0x00240004
		mem[ 13 ] 0x0100FFF7
		mem[ 14 ] 0x01800000
		mem[ 15 ] 0x0000183B
		mem[ 16 ] 0x00000595
		mem[ 17 ] 0x00000001
		mem[ 18 ] 0x00008000
	registers:
		reg[ 0 ] 0
		reg[ 1 ] 6351872
		reg[ 2 ] 1429
		reg[ 3 ] 8864087
		reg[ 4 ] 1024
		reg[ 5 ] 32768
		reg[ 6 ] 1024
		reg[ 7 ] -1025
end state

@@@
state:
	pc 12
	memory:
		mem[ 0 ] 0x0081000F
		mem[ 1 ] 0x00820010
		mem[ 2 ] 0x00000003
		mem[ 3 ] 0x00840011
		mem[ 4 ] 0x00850012
		mem[ 5 ] 0x01250008
		mem[ 6 ] 0x00520006
		mem[ 7 ] 0x00640007
		mem[ 8 ] 0x00770006
		mem[ 9 ] 0x01300001
		mem[ 10 ] 0x000B0003
		mem[ 11 ] 0x00090001
		mem[ 12 ] 0x00240004
		mem[ 13 ] 0x0100FFF7
		mem[ 14 ] 0x01800000
		mem[ 15 ] 0x0000183B
		mem[ 16 ] 0x00000595
		mem[ 17 ] 0x00000001
		mem[ 18 ] 0x00008000
	registers:
		reg[ 0 ] 0
		reg[ 1 ] 12703744
		reg[ 2 ] 1429
		reg[ 3 ] 8864087
		reg[ 4 ] 1024
		reg[ 5 ] 32768
		reg[ 6 ] 1024
		reg[ 7 ] -1025
end state

@@@
state:
	pc 13
	memory:
		mem[ 0 ] 0x0081000F
		mem[ 1 ] 0x00820010
		mem[ 2 ] 0x00000003
		mem[ 3 ] 0x00840011
		mem[ 4 ] 0x00850012
		mem[ 5 ] 0x01250008
		mem[ 6 ] 0x00520006
		mem[ 7 ] 0x00640007
		mem[ 8 ] 0x00770006
		mem[ 9 ] 0x01300001
		mem[ 10 ] 0x000B0003
		mem[ 11 ] 0x00090001
		mem[ 12 ] 0x00240004
		mem[ 13 ] 0x0100FFF7
		mem[ 14 ] 0x01800000
		mem[ 15 ] 0x0000183B
		mem[ 16 ] 0x00000595
		mem[ 17 ] 0x00000001
		mem[ 18 ] 0x00008000
	registers:
		reg[ 0 ] 0
		reg[ 1 ] 12703744
		reg[ 2 ] 1429
		reg[ 3 ] 8864087
		reg[ 4 ] 2048
		reg[ 5 ] 32768
		reg[ 6 ] 1024
		reg[ 7 ] -1025
end state

@@@
state:
	pc 5
	memory:
		mem[ 0 ] 0x0081000F
		mem[ 1 ] 0x00820010
		mem[ 2 ] 0x00000003
		mem[ 3 ] 0x00840011
		mem[ 4 ] 0x00850012
		mem[ 5 ] 0x01250008
		mem[ 6 ] 0x00520006
		mem[ 7 ] 0x00640007
		mem[ 8 ] 0x00770006
		mem[ 9 ] 0x01300001
		mem[ 10 ] 0x000B0003
		mem[ 11 ] 0x00090001
		mem[ 12 ] 0x00240004
		mem[ 13 ] 0x0100FFF7
		mem[ 14 ] 0x01800000
		mem[ 15 ] 0x0000183B
		mem[ 16 ] 0x00000595
		mem[ 17 ] 0x00000001
		mem[ 18 ] 0x00008000
	registers:
		reg[ 0 ] 0
		reg[ 1 ] 12703744
		reg[ 2 ] 1429
		reg[ 3 ] 8864087
		reg[ 4 ] 2048
		reg[ 5 ] 32768
		reg[ 6 ] 1024
		reg[ 7 ] -1025
end state

@@@
state:
	pc 6
	memory:
		mem[ 0 ] 0x0081000F
		mem[ 1 ] 0x00820010
		mem[ 2 ] 0x00000003
		mem[ 3 ] 0x00840011
		mem[ 4 ] 0x00850012
		mem[ 5 ] 0x01250008
		mem[ 6 ] 0x00520006
		mem[ 7 ] 0x00640007
		mem[ 8 ] 0x00770006
		mem[ 9 ] 0x01300001
		mem[ 10 ] 0x000B0003
		mem[ 11 ] 0x00090001
		mem[ 12 ] 0x00240004
		mem[ 13 ] 0x0100FFF7
		mem[ 14 ] 0x01800000
		mem[ 15 ] 0x0000183B
		mem[ 16 ] 0x00000595
		mem[ 17 ] 0x00000001
		mem[ 18 ] 0x00008000
	registers:
		reg[ 0 ] 0
		reg[ 1 ] 12703744
		reg[ 2 ] 1429
		reg[ 3 ] 8864087
		reg[ 4 ] 2048
		reg[ 5 ] 32768
		reg[ 6 ] 1024
		reg[ 7 ] -1025
end state

@@@
state:
	pc 7
	memory:
		mem[ 0 ] 0x0081000F
		mem[ 1 ] 0x00820010
		mem[ 2 ] 0x00000003
		mem[ 3 ] 0x00840011
		mem[ 4 ] 0x00850012
		mem[ 5 ] 0x01250008
		mem[ 6 ] 0x00520006
		mem[ 7 ] 0x00640007
		mem[ 8 ] 0x00770006
		mem[ 9 ] 0x01300001
		mem[ 10 ] 0x000B0003
		mem[ 11 ] 0x00090001
		mem[ 12 ] 0x00240004
		mem[ 13 ] 0x0100FFF7
		mem[ 14 ] 0x01800000
		mem[ 15 ] 0x0000183B
		mem[ 16 ] 0x00000595
		mem[ 17 ] 0x00000001
		mem[ 18 ] 0x00008000
	registers:
		reg[ 0 ] 0
		reg[ 1 ] 12703744
		reg[ 2 ] 1429
		reg[ 3 ] 8864087
		reg[ 4 ] 2048
		reg[ 5 ] 32768
		reg[ 6 ] -1430
		reg[ 7 ] -1025
end state

@@@
state:
	pc 8
	memory:
		mem[ 0 ] 0x0081000F
		mem[ 1 ] 0x00820010
		mem[ 2 ] 0x00000003
		mem[ 3 ] 0x00840011
		mem[ 4 ] 0x00850012
		mem[ 5 ] 0x01250008
		mem[ 6 ] 0x00520006
		mem[ 7 ] 0x00640007
		mem[ 8 ] 0x00770006
		mem[ 9 ] 0x01300001
		mem[ 10 ] 0x000B0003
		mem[ 11 ] 0x00090001
		mem[ 12 ] 0x00240004
		mem[ 13 ] 0x0100FFF7
		mem[ 14 ] 0x01800000
		mem[ 15 ] 0x0000183B
		mem[ 16 ] 0x00000595
		mem[ 17 ] 0x00000001
		mem[ 18 ] 0x00008000
	registers:
		reg[ 0 ] 0
		reg[ 1 ] 12703744
		reg[ 2 ] 1429
		reg[ 3 ] 8864087
		reg[ 4 ] 2048
		reg[ 5 ] 32768
		reg[ 6 ] -1430
		reg[ 7 ] -2049
end state

@@@
state:
	pc 9
	memory:
		mem[ 0 ] 0x0081000F
		mem[ 1 ] 0x00820010
		mem[ 2 ] 0x00000003
		mem[ 3 ] 0x00840011
		mem[ 4 ] 0x00850012
		mem[ 5 ] 0x01250008
		mem[ 6 ] 0x00520006
		mem[ 7 ] 0x00640007
		mem[ 8 ] 0x00770006
		mem[ 9 ] 0x01300001
		mem[ 10 ] 0x000B0003
		mem[ 11 ] 0x00090001
		mem[ 12 ] 0x00240004
		mem[ 13 ] 0x0100FFF7
		mem[ 14 ] 0x01800000
		mem[ 15 ] 0x0000183B
		mem[ 16 ] 0x00000595
		mem[ 17 ] 0x00000001
		mem[ 18 ] 0x00008000
	registers:
		reg[ 0 ] 0
		reg[ 1 ] 12703744
		reg[ 2 ] 1429
		reg[ 3 ] 8864087
		reg[ 4 ] 2048
		reg[ 5 ] 32768
		reg[ 6 ] 0
		reg[ 7 ] -2049
end state

@@@
state:
	pc 11
	memory:
		mem[ 0 ] 0x0081000F
		mem[ 1 ] 0x00820010
		mem[ 2 ] 0x00000003
		mem[ 3 ] 0x00840011
		mem[ 4 ] 0x00850012
		mem[ 5 ] 0x01250008
		mem[ 6 ] 0x00520006
		mem[ 7 ] 0x00640007
		mem[ 8 ] 0x00770006
		mem[ 9 ] 0x01300001
		mem[ 10 ] 0x000B0003
		mem[ 11 ] 0x00090001
		mem[ 12 ] 0x00240004
		mem[ 13 ] 0x0100FFF7
		mem[ 14 ] 0x01800000
		mem[ 15 ] 0x0000183B
		mem[ 16 ] 0x00000595
		mem[ 17 ] 0x00000001
		mem[ 18 ] 0x00008000
	registers:
		reg[ 0 ] 0
		reg[ 1 ] 12703744
		reg[ 2 ] 1429
		reg[ 3 ] 8864087
		reg[ 4 ] 2048
		reg[ 5 ] 32768
		reg[ 6 ] 0
		reg[ 7 ] -2049
end state

@@@
state:
	pc 12
	memory:
		mem[ 0 ] 0x0081000F
		mem[ 1 ] 0x00820010
		mem[ 2 ] 0x00000003
		mem[ 3 ] 0x00840011
		mem[ 4 ] 0x00850012
		mem[ 5 ] 0x01250008
		mem[ 6 ] 0x00520006
		mem[ 7 ] 0x00640007
		mem[ 8 ] 0x00770006
		mem[ 9 ] 0x01300001
		mem[ 10 ] 0x000B0003
		mem[ 11 ] 0x00090001
		mem[ 12 ] 0x00240004
		mem[ 13 ] 0x0100FFF7
		mem[ 14 ] 0x01800000
		mem[ 15 ] 0x0000183B
		mem[ 16 ] 0x00000595
		mem[ 17 ] 0x00000001
		mem[ 18 ] 0x00008000
	registers:
		reg[ 0 ] 0
		reg[ 1 ] 25407488
		reg[ 2 ] 1429
		reg[ 3 ] 8864087
		reg[ 4 ] 2048
		reg[ 5 ] 32768
		reg[ 6 ] 0
		reg[ 7 ] -2049
end state

@@@
state:
	pc 13
	memory:
		mem[ 0 ] 0x0081000F
		mem[ 1 ] 0x00820010
		mem[ 2 ] 0x00000003
		mem[ 3 ] 0x00840011
		mem[ 4 ] 0x00850012
		mem[ 5 ] 0x01250008
		mem[ 6 ] 0x00520006
		mem[ 7 ] 0x00640007
		mem[ 8 ] 0x00770006
		mem[ 9 ] 0x01300001
		mem[ 10 ] 0x000B0003
		mem[ 11 ] 0x00090001
		mem[ 12 ] 0x00240004
		mem[ 13 ] 0x0100FFF7
		mem[ 14 ] 0x01800000
		mem[ 15 ] 0x0000183B
		mem[ 16 ] 0x00000595
		mem[ 17 ] 0x00000001
		mem[ 18 ] 0x00008000
	registers:
		reg[ 0 ] 0
		reg[ 1 ] 25407488
		reg[ 2 ] 1429
		reg[ 3 ] 8864087
		reg[ 4 ] 4096
		reg[ 5 ] 32768
		reg[ 6 ] 0
		reg[ 7 ] -2049
end state

@@@
state:
	pc 5
	memory:
		mem[ 0 ] 0x0081000F
		mem[ 1 ] 0x00820010
		mem[ 2 ] 0x00000003
		mem[ 3 ] 0x00840011
		mem[ 4 ] 0x00850012
		mem[ 5 ] 0x01250008
		mem[ 6 ] 0x00520006
		mem[ 7 ] 0x00640007
		mem[ 8 ] 0x00770006
		mem[ 9 ] 0x01300001
		mem[ 10 ] 0x000B0003
		mem[ 11 ] 0x00090001
		mem[ 12 ] 0x00240004
		mem[ 13 ] 0x0100FFF7
		mem[ 14 ] 0x01800000
		mem[ 15 ] 0x0000183B
		mem[ 16 ] 0x00000595
		mem[ 17 ] 0x00000001
		mem[ 18 ] 0x00008000
	registers:
		reg[ 0 ] 0
		reg[ 1 ] 25407488
		reg[ 2 ] 1429
		reg[ 3 ] 8864087
		reg[ 4 ] 4096
		reg[ 5 ] 32768
		reg[ 6 ] 0
		reg[ 7 ] -2049
end state

@@@
state:
	pc 6
	memory:
		mem[ 0 ] 0x0081000F
		mem[ 1 ] 0x00820010
		mem[ 2 ] 0x00000003
		mem[ 3 ] 0x00840011
		mem[ 4 ] 0x00850012
		mem[ 5 ] 0x01250008
		mem[ 6 ] 0x00520006
		mem[ 7 ] 0x00640007
		mem[ 8 ] 0x00770006
		mem[ 9 ] 0x01300001
		mem[ 10 ] 0x000B0003
		mem[ 11 ] 0x00090001
		mem[ 12 ] 0x00240004
		mem[ 13 ] 0x0100FFF7
		mem[ 14 ] 0x01800000
		mem[ 15 ] 0x0000183B
		mem[ 16 ] 0x00000595
		mem[ 17 ] 0x00000001
		mem[ 18 ] 0x00008000
	registers:
		reg[ 0 ] 0
		reg[ 1 ] 25407488
		reg[ 2 ] 1429
		reg[ 3 ] 8864087
		reg[ 4 ] 4096
		reg[ 5 ] 32768
		reg[ 6 ] 0
		reg[ 7 ] -2049
end state

@@@
state:
	pc 7
	memory:
		mem[ 0 ] 0x0081000F
		mem[ 1 ] 0x00820010
		mem[ 2 ] 0x00000003
		mem[ 3 ] 0x00840011
		mem[ 4 ] 0x00850012
		mem[ 5 ] 0x01250008
		mem[ 6 ] 0x00520006
		mem[ 7 ] 0x00640007
		mem[ 8 ] 0x00770006
		mem[ 9 ] 0x01300001
		mem[ 10 ] 0x000B0003
		mem[ 11 ] 0x00090001
		mem[ 12 ] 0x00240004
		mem[ 13 ] 0x0100FFF7
		mem[ 14 ] 0x01800000
		mem[ 15 ] 0x0000183B
		mem[ 16 ] 0x00000595
		mem[ 17 ] 0x00000001
		mem[ 18 ] 0x00008000
	registers:
		reg[ 0 ] 0
		reg[ 1 ] 25407488
		reg[ 2 ] 1429
		reg[ 3 ] 8864087
		reg[ 4 ] 4096
		reg[ 5 ] 32768
		reg[ 6 ] -1430
		reg[ 7 ] -2049
end state

@@@
state:
	pc 8
	memory:
		mem[ 0 ] 0x0081000F
		mem[ 1 ] 0x00820010
		mem[ 2 ] 0x00000003
		mem[ 3 ] 0x00840011
		mem[ 4 ] 0x00850012
		mem[ 5 ] 0x01250008
		mem[ 6 ] 0x00520006
		mem[ 7 ] 0x00640007
		mem[ 8 ] 0x00770006
		mem[ 9 ] 0x01300001
		mem[ 10 ] 0x000B0003
		mem[ 11 ] 0x00090001
		mem[ 12 ] 0x00240004
		mem[ 13 ] 0x0100FFF7
		mem[ 14 ] 0x01800000
		mem[ 15 ] 0x0000183B
		mem[ 16 ] 0x00000595
		mem[ 17 ] 0x00000001
		mem[ 18 ] 0x00008000
	registers:
		reg[ 0 ] 0
		reg[ 1 ] 25407488
		reg[ 2 ] 1429
		reg[ 3 ] 8864087
		reg[ 4 ] 4096
		reg[ 5 ] 32768
		reg[ 6 ] -1430
		reg[ 7 ] -4097
end state

@@@
state:
	pc 9
	memory:
		mem[ 0 ] 0x0081000F
		mem[ 1 ] 0x00820010
		mem[ 2 ] 0x00000003
		mem[ 3 ] 0x00840011
		mem[ 4 ] 0x00850012
		mem[ 5 ] 0x01250008
		mem[ 6 ] 0x00520006
		mem[ 7 ] 0x00640007
		mem[ 8 ] 0x00770006
		mem[ 9 ] 0x01300001
		mem[ 10 ] 0x000B0003
		mem[ 11 ] 0x00090001
		mem[ 12 ] 0x00240004
		mem[ 13 ] 0x0100FFF7
		mem[ 14 ] 0x01800000
		mem[ 15 ] 0x0000183B
		mem[ 16 ] 0x00000595
		mem[ 17 ] 0x00000001
		mem[ 18 ] 0x00008000
	registers:
		reg[ 0 ] 0
		reg[ 1 ] 25407488
		reg[ 2 ] 1429
		reg[ 3 ] 8864087
		reg[ 4 ] 4096
		reg[ 5 ] 32768
		reg[ 6 ] 0
		reg[ 7 ] -4097
end state

@@@
state:
	pc 11
	memory:
		mem[ 0 ] 0x0081000F
		mem[ 1 ] 0x00820010
		mem[ 2 ] 0x00000003
		mem[ 3 ] 0x00840011
		mem[ 4 ] 0x00850012
		mem[ 5 ] 0x01250008
		mem[ 6 ] 0x00520006
		mem[ 7 ] 0x00640007
		mem[ 8 ] 0x00770006
		mem[ 9 ] 0x01300001
		mem[ 10 ] 0x000B0003
		mem[ 11 ] 0x00090001
		mem[ 12 ] 0x00240004
		mem[ 13 ] 0x0100FFF7
		mem[ 14 ] 0x01800000
		mem[ 15 ] 0x0000183B
		mem[ 16 ] 0x00000595
		mem[ 17 ] 0x00000001
		mem[ 18 ] 0x00008000
	registers:
		reg[ 0 ] 0
		reg[ 1 ] 25407488
		reg[ 2 ] 1429
		reg[ 3 ] 8864087
		reg[ 4 ] 4096
		reg[ 5 ] 32768
		reg[ 6 ] 0
		reg[ 7 ] -4097
end state

@@@
state:
	pc 12
	memory:
		mem[ 0 ] 0x0081000F
		mem[ 1 ] 0x00820010
		mem[ 2 ] 0x00000003
		mem[ 3 ] 0x00840011
		mem[ 4 ] 0x00850012
		mem[ 5 ] 0x01250008
		mem[ 6 ] 0x00520006
		mem[ 7 ] 0x00640007
		mem[ 8 ] 0x00770006
		mem[ 9 ] 0x01300001
		mem[ 10 ] 0x000B0003
		mem[ 11 ] 0x00090001
		mem[ 12 ] 0x00240004
		mem[ 13 ] 0x0100FFF7
		mem[ 14 ] 0x01800000
		mem[ 15 ] 0x0000183B
		mem[ 16 ] 0x00000595
		mem[ 17 ] 0x00000001
		mem[ 18 ] 0x00008000
	registers:
		reg[ 0 ] 0
		reg[ 1 ] 50814976
		reg[ 2 ] 1429
		reg[ 3 ] 8864087
		reg[ 4 ] 4096
		reg[ 5 ] 32768
		reg[ 6 ] 0
		reg[ 7 ] -4097
end state

@@@
state:
	pc 13
	memory:
		mem[ 0 ] 0x0081000F
		mem[ 1 ] 0x00820010
		mem[ 2 ] 0x00000003
		mem[ 3 ] 0x00840011
		mem[ 4 ] 0x00850012
		mem[ 5 ] 0x01250008
		mem[ 6 ] 0x00520006
		mem[ 7 ] 0x00640007
		mem[ 8 ] 0x00770006
		mem[ 9 ] 0x01300001
		mem[ 10 ] 0x000B0003
		mem[ 11 ] 0x00090001
		mem[ 12 ] 0x00240004
		mem[ 13 ] 0x0100FFF7
		mem[ 14 ] 0x01800000
		mem[ 15 ] 0x0000183B
		mem[ 16 ] 0x00000595
		mem[ 17 ] 0x00000001
		mem[ 18 ] 0x00008000
	registers:
		reg[ 0 ] 0
		reg[ 1 ] 50814976
		reg[ 2 ] 1429
		reg[ 3 ] 8864087
		reg[ 4 ] 8192
		reg[ 5 ] 32768
		reg[ 6 ] 0
		reg[ 7 ] -4097
end state

@@@
state:
	pc 5
	memory:
		mem[ 0 ] 0x0081000F
		mem[ 1 ] 0x00820010
		mem[ 2 ] 0x00000003
		mem[ 3 ] 0x00840011
		mem[ 4 ] 0x00850012
		mem[ 5 ] 0x01250008
		mem[ 6 ] 0x00520006
		mem[ 7 ] 0x00640007
		mem[ 8 ] 0x00770006
		mem[ 9 ] 0x01300001
		mem[ 10 ] 0x000B0003
		mem[ 11 ] 0x00090001
		mem[ 12 ] 0x00240004
		mem[ 13 ] 0x0100FFF7
		mem[ 14 ] 0x01800000
		mem[ 15 ] 0x0000183B
		mem[ 16 ] 0x00000595
		mem[ 17 ] 0x00000001
		mem[ 18 ] 0x00008000
	registers:
		reg[ 0 ] 0
		reg[ 1 ] 50814976
		reg[ 2 ] 1429
		reg[ 3 ] 8864087
		reg[ 4 ] 8192
		reg[ 5 ] 32768
		reg[ 6 ] 0
		reg[ 7 ] -4097
end state

@@@
state:
	pc 6
	memory:
		mem[ 0 ] 0x0081000F
		mem[ 1 ] 0x00820010
		mem[ 2 ] 0x00000003
		mem[ 3 ] 0x00840011
		mem[ 4 ] 0x00850012
		mem[ 5 ] 0x01250008
		mem[ 6 ] 0x00520006
		mem[ 7 ] 0x00640007
		mem[ 8 ] 0x00770006
		mem[ 9 ] 0x01300001
		mem[ 10 ] 0x000B0003
		mem[ 11 ] 0x00090001
		mem[ 12 ] 0x00240004
		mem[ 13 ] 0x0100FFF7
		mem[ 14 ] 0x01800000
		mem[ 15 ] 0x0000183B
		mem[ 16 ] 0x00000595
		mem[ 17 ] 0x00000001
		mem[ 18 ] 0x00008000
	registers:
		reg[ 0 ] 0
		reg[ 1 ] 50814976
		reg[ 2 ] 1429
		reg[ 3 ] 8864087
		reg[ 4 ] 8192
		reg[ 5 ] 32768
		reg[ 6 ] 0
		reg[ 7 ] -4097
end state

@@@
state:
	pc 7
	memory:
		mem[ 0 ] 0x0081000F
		mem[ 1 ] 0x00820010
		mem[ 2 ] 0x00000003
		mem[ 3 ] 0x00840011
		mem[ 4 ] 0x00850012
		mem[ 5 ] 0x01250008
		mem[ 6 ] 0x00520006
		mem[ 7 ] 0x00640007
		mem[ 8 ] 0x00770006
		mem[ 9 ] 0x01300001
		mem[ 10 ] 0x000B0003
		mem[ 11 ] 0x00090001
		mem[ 12 ] 0x00240004
		mem[ 13 ] 0x0100FFF7
		mem[ 14 ] 0x01800000
		mem[ 15 ] 0x0000183B
		mem[ 16 ] 0x00000595
		mem[ 17 ] 0x00000001
		mem[ 18 ] 0x00008000
	registers:
		reg[ 0 ] 0
		reg[ 1 ] 50814976
		reg[ 2 ] 1429
		reg[ 3 ] 8864087
		reg[ 4 ] 8192
		reg[ 5 ] 32768
		reg[ 6 ] -1430
		reg[ 7 ] -4097
end state

@@@
state:
	pc 8
	memory:
		mem[ 0 ] 0x0081000F
		mem[ 1 ] 0x00820010
		mem[ 2 ] 0x00000003
		mem[ 3 ] 0x00840011
		mem[ 4 ] 0x00850012
		mem[ 5 ] 0x01250008
		mem[ 6 ] 0x00520006
		mem[ 7 ] 0x00640007
		mem[ 8 ] 0x00770006
		mem[ 9 ] 0x01300001
		mem[ 10 ] 0x000B0003
		mem[ 11 ] 0x00090001
		mem[ 12 ] 0x00240004
		mem[ 13 ] 0x0100FFF7
		mem[ 14 ] 0x01800000
		mem[ 15 ] 0x0000183B
		mem[ 16 ] 0x00000595
		mem[ 17 ] 0x00000001
		mem[ 18 ] 0x00008000
	registers:
		reg[ 0 ] 0
		reg[ 1 ] 50814976
		reg[ 2 ] 1429
		reg[ 3 ] 8864087
		reg[ 4 ] 8192
		reg[ 5 ] 32768
		reg[ 6 ] -1430
		reg[ 7 ] -8193
end state

@@@
state:
	pc 9
	memory:
		mem[ 0 ] 0x0081000F
		mem[ 1 ] 0x00820010
		mem[ 2 ] 0x00000003
		mem[ 3 ] 0x00840011
		mem[ 4 ] 0x00850012
		mem[ 5 ] 0x01250008
		mem[ 6 ] 0x00520006
		mem[ 7 ] 0x00640007
		mem[ 8 ] 0x00770006
		mem[ 9 ] 0x01300001
		mem[ 10 ] 0x000B0003
		mem[ 11 ] 0x00090001
		mem[ 12 ] 0x00240004
		mem[ 13 ] 0x0100FFF7
		mem[ 14 ] 0x01800000
		mem[ 15 ] 0x0000183B
		mem[ 16 ] 0x00000595
		mem[ 17 ] 0x00000001
		mem[ 18 ] 0x00008000
	registers:
		reg[ 0 ] 0
		reg[ 1 ] 50814976
		reg[ 2 ] 1429
		reg[ 3 ] 8864087
		reg[ 4 ] 8192
		reg[ 5 ] 32768
		reg[ 6 ] 0
		reg[ 7 ] -8193
end state

@@@
state:
	pc 11
	memory:
		mem[ 0 ] 0x0081000F
		mem[ 1 ] 0x00820010
		mem[ 2 ] 0x00000003
		mem[ 3 ] 0x00840011
		mem[ 4 ] 0x00850012
		mem[ 5 ] 0x01250008
		mem[ 6 ] 0x00520006
		mem[ 7 ] 0x00640007
		mem[ 8 ] 0x00770006
		mem[ 9 ] 0x01300001
		mem[ 10 ] 0x000B0003
		mem[ 11 ] 0x00090001
		mem[ 12 ] 0x00240004
		mem[ 13 ] 0x0100FFF7
		mem[ 14 ] 0x01800000
		mem[ 15 ] 0x0000183B
		mem[ 16 ] 0x00000595
		mem[ 17 ] 0x00000001
		mem[ 18 ] 0x00008000
	registers:
		reg[ 0 ] 0
		reg[ 1 ] 50814976
		reg[ 2 ] 1429
		reg[ 3 ] 8864087
		reg[ 4 ] 8192
		reg[ 5 ] 32768
		reg[ 6 ] 0
		reg[ 7 ] -8193
end state

@@@
state:
	pc 12
	memory:
		mem[ 0 ] 0x0081000F
		mem[ 1 ] 0x00820010
		mem[ 2 ] 0x00000003
		mem[ 3 ] 0x00840011
		mem[ 4 ] 0x00850012
		mem[ 5 ] 0x01250008
		mem[ 6 ] 0x00520006
		mem[ 7 ] 0x00640007
		mem[ 8 ] 0x00770006
		mem[ 9 ] 0x01300001
		mem[ 10 ] 0x000B0003
		mem[ 11 ] 0x00090001
		mem[ 12 ] 0x00240004
		mem[ 13 ] 0x0100FFF7
		mem[ 14 ] 0x01800000
		mem[ 15 ] 0x0000183B
		mem[ 16 ] 0x00000595
		mem[ 17 ] 0x00000001
		mem[ 18 ] 0x00008000
	registers:
		reg[ 0 ] 0
		reg[ 1 ] 101629952
		reg[ 2 ] 1429
		reg[ 3 ] 8864087
		reg[ 4 ] 8192
		reg[ 5 ] 32768
		reg[ 6 ] 0
		reg[ 7 ] -8193
end state

@@@
state:
	pc 13
	memory:
		mem[ 0 ] 0x0081000F
		mem[ 1 ] 0x00820010
		mem[ 2 ] 0x00000003
		mem[ 3 ] 0x00840011
		mem[ 4 ] 0x00850012
		mem[ 5 ] 0x01250008
		mem[ 6 ] 0x00520006
		mem[ 7 ] 0x00640007
		mem[ 8 ] 0x00770006
		mem[ 9 ] 0x01300001
		mem[ 10 ] 0x000B0003
		mem[ 11 ] 0x00090001
		mem[ 12 ] 0x00240004
		mem[ 13 ] 0x0100FFF7
		mem[ 14 ] 0x01800000
		mem[ 15 ] 0x0000183B
		mem[ 16 ] 0x00000595
		mem[ 17 ] 0x00000001
		mem[ 18 ] 0x00008000
	registers:
		reg[ 0 ] 0
		reg[ 1 ] 101629952
		reg[ 2 ] 1429
		reg[ 3 ] 8864087
		reg[ 4 ] 16384
		reg[ 5 ] 32768
		reg[ 6 ] 0
		reg[ 7 ] -8193
end state

@@@
state:
	pc 5
	memory:
		mem[ 0 ] 0x0081000F
		mem[ 1 ] 0x00820010
		mem[ 2 ] 0x00000003
		mem[ 3 ] 0x00840011
		mem[ 4 ] 0x00850012
		mem[ 5 ] 0x01250008
		mem[ 6 ] 0x00520006
		mem[ 7 ] 0x00640007
		mem[ 8 ] 0x00770006
		mem[ 9 ] 0x01300001
		mem[ 10 ] 0x000B0003
		mem[ 11 ] 0x00090001
		mem[ 12 ] 0x00240004
		mem[ 13 ] 0x0100FFF7
		mem[ 14 ] 0x01800000
		mem[ 15 ] 0x0000183B
		mem[ 16 ] 0x00000595
		mem[ 17 ] 0x00000001
		mem[ 18 ] 0x00008000
	registers:
		reg[ 0 ] 0
		reg[ 1 ] 101629952
		reg[ 2 ] 1429
		reg[ 3 ] 8864087
		reg[ 4 ] 16384
		reg[ 5 ] 32768
		reg[ 6 ] 0
		reg[ 7 ] -8193
end state

@@@
state:
	pc 6
	memory:
		mem[ 0 ] 0x0081000F
		mem[ 1 ] 0x00820010
		mem[ 2 ] 0x00000003
		mem[ 3 ] 0x00840011
		mem[ 4 ] 0x00850012
		mem[ 5 ] 0x01250008
		mem[ 6 ] 0x00520006
		mem[ 7 ] 0x00640007
		mem[ 8 ] 0x00770006
		mem[ 9 ] 0x01300001
		mem[ 10 ] 0x000B0003
		mem[ 11 ] 0x00090001
		mem[ 12 ] 0x00240004
		mem[ 13 ] 0x0100FFF7
		mem[ 14 ] 0x01800000
		mem[ 15 ] 0x0000183B
		mem[ 16 ] 0x00000595
		mem[ 17 ] 0x00000001
		mem[ 18 ] 0x00008000
	registers:
		reg[ 0 ] 0
		reg[ 1 ] 101629952
		reg[ 2 ] 1429
		reg[ 3 ] 8864087
		reg[ 4 ] 16384
		reg[ 5 ] 32768
		reg[ 6 ] 0
		reg[ 7 ] -8193
end state

@@@
state:
	pc 7
	memory:
		mem[ 0 ] 0x0081000F
		mem[ 1 ] 0x00820010
		mem[ 2 ] 0x00000003
		mem[ 3 ] 0x00840011
		mem[ 4 ] 0x00850012
		mem[ 5 ] 0x01250008
		mem[ 6 ] 0x00520006
		mem[ 7 ] 0x00640007
		mem[ 8 ] 0x00770006
		mem[ 9 ] 0x01300001
		mem[ 10 ] 0x000B0003
		mem[ 11 ] 0x00090001
		mem[ 12 ] 0x00240004
		mem[ 13 ] 0x0100FFF7
		mem[ 14 ] 0x01800000
		mem[ 15 ] 0x0000183B
		mem[ 16 ] 0x00000595
		mem[ 17 ] 0x00000001
		mem[ 18 ] 0x00008000
	registers:
		reg[ 0 ] 0
		reg[ 1 ] 101629952
		reg[ 2 ] 1429
		reg[ 3 ] 8864087
		reg[ 4 ] 16384
		reg[ 5 ] 32768
		reg[ 6 ] -1430
		reg[ 7 ] -8193
end state

@@@
state:
	pc 8
	memory:
		mem[ 0 ] 0x0081000F
		mem[ 1 ] 0x00820010
		mem[ 2 ] 0x00000003
		mem[ 3 ] 0x00840011
		mem[ 4 ] 0x00850012
		mem[ 5 ] 0x01250008
		mem[ 6 ] 0x00520006
		mem[ 7 ] 0x00640007
		mem[ 8 ] 0x00770006
		mem[ 9 ] 0x01300001
		mem[ 10 ] 0x000B0003
		mem[ 11 ] 0x00090001
		mem[ 12 ] 0x00240004
		mem[ 13 ] 0x0100FFF7
		mem[ 14 ] 0x01800000
		mem[ 15 ] 0x0000183B
		mem[ 16 ] 0x00000595
		mem[ 17 ] 0x00000001
		mem[ 18 ] 0x00008000
	registers:
		reg[ 0 ] 0
		reg[ 1 ] 101629952
		reg[ 2 ] 1429
		reg[ 3 ] 8864087
		reg[ 4 ] 16384
		reg[ 5 ] 32768
		reg[ 6 ] -1430
		reg[ 7 ] -16385
end state

@@@
state:
	pc 9
	memory:
		mem[ 0 ] 0x0081000F
		mem[ 1 ] 0x00820010
		mem[ 2 ] 0x00000003
		mem[ 3 ] 0x00840011
		mem[ 4 ] 0x00850012
		mem[ 5 ] 0x01250008
		mem[ 6 ] 0x00520006
		mem[ 7 ] 0x00640007
		mem[ 8 ] 0x00770006
		mem[ 9 ] 0x01300001
		mem[ 10 ] 0x000B0003
		mem[ 11 ] 0x00090001
		mem[ 12 ] 0x00240004
		mem[ 13 ] 0x0100FFF7
		mem[ 14 ] 0x01800000
		mem[ 15 ] 0x0000183B
		mem[ 16 ] 0x00000595
		mem[ 17 ] 0x00000001
		mem[ 18 ] 0x00008000
	registers:
		reg[ 0 ] 0
		reg[ 1 ] 101629952
		reg[ 2 ] 1429
		reg[ 3 ] 8864087
		reg[ 4 ] 16384
		reg[ 5 ] 32768
		reg[ 6 ] 0
		reg[ 7 ] -16385
end state

@@@
state:
	pc 11
	memory:
		mem[ 0 ] 0x0081000F
		mem[ 1 ] 0x00820010
		mem[ 2 ] 0x00000003
		mem[ 3 ] 0x00840011
		mem[ 4 ] 0x00850012
		mem[ 5 ] 0x01250008
		mem[ 6 ] 0x00520006
		mem[ 7 ] 0x00640007
		mem[ 8 ] 0x00770006
		mem[ 9 ] 0x01300001
		mem[ 10 ] 0x000B0003
		mem[ 11 ] 0x00090001
		mem[ 12 ] 0x00240004
		mem[ 13 ] 0x0100FFF7
		mem[ 14 ] 0x01800000
		mem[ 15 ] 0x0000183B
		mem[ 16 ] 0x00000595
		mem[ 17 ] 0x00000001
		mem[ 18 ] 0x00008000
	registers:
		reg[ 0 ] 0
		reg[ 1 ] 101629952
		reg[ 2 ] 1429
		reg[ 3 ] 8864087
		reg[ 4 ] 16384
		reg[ 5 ] 32768
		reg[ 6 ] 0
		reg[ 7 ] -16385
end state

@@@
state:
	pc 12
	memory:
		mem[ 0 ] 0x0081000F
		mem[ 1 ] 0x00820010
		mem[ 2 ] 0x00000003
		mem[ 3 ] 0x00840011
		mem[ 4 ] 0x00850012
		mem[ 5 ] 0x01250008
		mem[ 6 ] 0x00520006
		mem[ 7 ] 0x00640007
		mem[ 8 ] 0x00770006
		mem[ 9 ] 0x01300001
		mem[ 10 ] 0x000B0003
		mem[ 11 ] 0x00090001
		mem[ 12 ] 0x00240004
		mem[ 13 ] 0x0100FFF7
		mem[ 14 ] 0x01800000
		mem[ 15 ] 0x0000183B
		mem[ 16 ] 0x00000595
		mem[ 17 ] 0x00000001
		mem[ 18 ] 0x00008000
	registers:
		reg[ 0 ] 0
		reg[ 1 ] 203259904
		reg[ 2 ] 1429
		reg[ 3 ] 8864087
		reg[ 4 ] 16384
		reg[ 5 ] 32768
		reg[ 6 ] 0
		reg[ 7 ] -16385
end state

@@@
state:
	pc 13
	memory:
		mem[ 0 ] 0x0081000F
		mem[ 1 ] 0x00820010
		mem[ 2 ] 0x00000003
		mem[ 3 ] 0x00840011
		mem[ 4 ] 0x00850012
		mem[ 5 ] 0x01250008
		mem[ 6 ] 0x00520006
		mem[ 7 ] 0x00640007
		mem[ 8 ] 0x00770006
		mem[ 9 ] 0x01300001
		mem[ 10 ] 0x000B0003
		mem[ 11 ] 0x00090001
		mem[ 12 ] 0x00240004
		mem[ 13 ] 0x0100FFF7
		mem[ 14 ] 0x01800000
		mem[ 15 ] 0x0000183B
		mem[ 16 ] 0x00000595
		mem[ 17 ] 0x00000001
		mem[ 18 ] 0x00008000
	registers:
		reg[ 0 ] 0
		reg[ 1 ] 203259904
		reg[ 2 ] 1429
		reg[ 3 ] 8864087
		reg[ 4 ] 32768
		reg[ 5 ] 32768
		reg[ 6 ] 0
		reg[ 7 ] -16385
end state

@@@
state:
	pc 5
	memory:
		mem[ 0 ] 0x0081000F
		mem[ 1 ] 0x00820010
		mem[ 2 ] 0x00000003
		mem[ 3 ] 0x00840011
		mem[ 4 ] 0x00850012
		mem[ 5 ] 0x01250008
		mem[ 6 ] 0x00520006
		mem[ 7 ] 0x00640007
		mem[ 8 ] 0x00770006
		mem[ 9 ] 0x01300001
		mem[ 10 ] 0x000B0003
		mem[ 11 ] 0x00090001
		mem[ 12 ] 0x00240004
		mem[ 13 ] 0x0100FFF7
		mem[ 14 ] 0x01800000
		mem[ 15 ] 0x0000183B
		mem[ 16 ] 0x00000595
		mem[ 17 ] 0x00000001
		mem[ 18 ] 0x00008000
	registers:
		reg[ 0 ] 0
		reg[ 1 ] 203259904
		reg[ 2 ] 1429
		reg[ 3 ] 8864087
		reg[ 4 ] 32768
		reg[ 5 ] 32768
		reg[ 6 ] 0
		reg[ 7 ] -16385
end state

@@@
state:
	pc 14
	memory:
		mem[ 0 ] 0x0081000F
		mem[ 1 ] 0x00820010
		mem[ 2 ] 0x00000003
		mem[ 3 ] 0x00840011
		mem[ 4 ] 0x00850012
		mem[ 5 ] 0x01250008
		mem[ 6 ] 0x00520006
		mem[ 7 ] 0x00640007
		mem[ 8 ] 0x00770006
		mem[ 9 ] 0x01300001
		mem[ 10 ] 0x000B0003
		mem[ 11 ] 0x00090001
		mem[ 12 ] 0x00240004
		mem[ 13 ] 0x0100FFF7
		mem[ 14 ] 0x01800000
		mem[ 15 ] 0x0000183B
		mem[ 16 ] 0x00000595
		mem[ 17 ] 0x00000001
		mem[ 18 ] 0x00008000
	registers:
		reg[ 0 ] 0
		reg[ 1 ] 203259904
		reg[ 2 ] 1429
		reg[ 3 ] 8864087
		reg[ 4 ] 32768
		reg[ 5 ] 32768
		reg[ 6 ] 0
		reg[ 7 ] -16385
end state
machine halted
total of 133 instructions executed
final state of machine:

@@@
state:
	pc 15
	memory:
		mem[ 0 ] 0x0081000F
		mem[ 1 ] 0x00820010
		mem[ 2 ] 0x00000003
		mem[ 3 ] 0x00840011
		mem[ 4 ] 0x00850012
		mem[ 5 ] 0x01250008
		mem[ 6 ] 0x00520006
		mem[ 7 ] 0x00640007
		mem[ 8 ] 0x00770006
		mem[ 9 ] 0x01300001
		mem[ 10 ] 0x000B0003
		mem[ 11 ] 0x00090001
		mem[ 12 ] 0x00240004
		mem[ 13 ] 0x0100FFF7
		mem[ 14 ] 0x01800000
		mem[ 15 ] 0x0000183B
		mem[ 16 ] 0x00000595
		mem[ 17 ] 0x00000001
		mem[ 18 ] 0x00008000
	registers:
		reg[ 0 ] 0
		reg[ 1 ] 203259904
		reg[ 2 ] 1429
		reg[ 3 ] 8864087
		reg[ 4 ] 32768
		reg[ 5 ] 32768
		reg[ 6 ] 0
		reg[ 7 ] -16385
end state
